Archive member included to satisfy reference by file (symbol)

../../lpcopen_lpc4337/Debug/liblpcopen_lpc4337.a(cr_startup_lpc43xx.o)
                              (ResetISR)
../../lpcopen_lpc4337/Debug/liblpcopen_lpc4337.a(sysinit.o)
                              ../../lpcopen_lpc4337/Debug/liblpcopen_lpc4337.a(cr_startup_lpc43xx.o) (SystemInit)
../../lpcopen_lpc4337/Debug/liblpcopen_lpc4337.a(board_sysinit.o)
                              ../../lpcopen_lpc4337/Debug/liblpcopen_lpc4337.a(sysinit.o) (Board_SystemInit)
../../lpcopen_lpc4337/Debug/liblpcopen_lpc4337.a(clock_18xx_43xx.o)
                              ../../lpcopen_lpc4337/Debug/liblpcopen_lpc4337.a(board_sysinit.o) (Chip_Clock_SetDivider)
../../lpcopen_lpc4337/Debug/liblpcopen_lpc4337.a(fpu_init.o)
                              ../../lpcopen_lpc4337/Debug/liblpcopen_lpc4337.a(sysinit.o) (fpuInit)
../../lpcopen_lpc4337/Debug/liblpcopen_lpc4337.a(sysinit_18xx_43xx.o)
                              ../../lpcopen_lpc4337/Debug/liblpcopen_lpc4337.a(board_sysinit.o) (Chip_SetupCoreClock)
../../lpcopen_lpc4337/Debug/liblpcopen_lpc4337.a(board.o)
                              ../../lpcopen_lpc4337/Debug/liblpcopen_lpc4337.a(clock_18xx_43xx.o) (ExtRateIn)
../../lpcopen_lpc4337/Debug/liblpcopen_lpc4337.a(gpio_18xx_43xx.o)
                              ../../lpcopen_lpc4337/Debug/liblpcopen_lpc4337.a(board.o) (Chip_GPIO_Init)
../../lpcopen_lpc4337/Debug/liblpcopen_lpc4337.a(i2s_18xx_43xx.o)
                              ../../lpcopen_lpc4337/Debug/liblpcopen_lpc4337.a(board.o) (Chip_I2S_Init)
../../lpcopen_lpc4337/Debug/liblpcopen_lpc4337.a(uart_18xx_43xx.o)
                              ../../lpcopen_lpc4337/Debug/liblpcopen_lpc4337.a(board.o) (Chip_UART_Init)
../../lpcopen_lpc4337/Debug/liblpcopen_lpc4337.a(uda1380.o)
                              ../../lpcopen_lpc4337/Debug/liblpcopen_lpc4337.a(board.o) (UDA1380_Init)
../../lpcopen_lpc4337/Debug/liblpcopen_lpc4337.a(i2c_18xx_43xx.o)
                              ../../lpcopen_lpc4337/Debug/liblpcopen_lpc4337.a(uda1380.o) (Chip_I2C_EventHandlerPolling)
../../lpcopen_lpc4337/Debug/liblpcopen_lpc4337.a(ring_buffer.o)
                              ../../lpcopen_lpc4337/Debug/liblpcopen_lpc4337.a(uart_18xx_43xx.o) (RingBuffer_Insert)
c:/program files (x86)/gnu tools arm embedded/7 2017-q4-major/bin/../lib/gcc/arm-none-eabi/7.2.1/thumb/v7e-m/fpv4-sp/softfp\libgcc.a(_aeabi_uldivmod.o)
                              ../../lpcopen_lpc4337/Debug/liblpcopen_lpc4337.a(i2s_18xx_43xx.o) (__aeabi_uldivmod)
c:/program files (x86)/gnu tools arm embedded/7 2017-q4-major/bin/../lib/gcc/arm-none-eabi/7.2.1/thumb/v7e-m/fpv4-sp/softfp\libgcc.a(_udivmoddi4.o)
                              c:/program files (x86)/gnu tools arm embedded/7 2017-q4-major/bin/../lib/gcc/arm-none-eabi/7.2.1/thumb/v7e-m/fpv4-sp/softfp\libgcc.a(_aeabi_uldivmod.o) (__udivmoddi4)
c:/program files (x86)/gnu tools arm embedded/7 2017-q4-major/bin/../lib/gcc/arm-none-eabi/7.2.1/thumb/v7e-m/fpv4-sp/softfp\libgcc.a(_dvmd_tls.o)
                              c:/program files (x86)/gnu tools arm embedded/7 2017-q4-major/bin/../lib/gcc/arm-none-eabi/7.2.1/thumb/v7e-m/fpv4-sp/softfp\libgcc.a(_aeabi_uldivmod.o) (__aeabi_ldiv0)
c:/program files (x86)/gnu tools arm embedded/7 2017-q4-major/bin/../lib/gcc/arm-none-eabi/7.2.1/../../../../arm-none-eabi/lib/thumb/v7e-m/fpv4-sp/softfp\libc.a(lib_a-memcpy.o)
                              ../../lpcopen_lpc4337/Debug/liblpcopen_lpc4337.a(ring_buffer.o) (memcpy)

Discarded input sections

 .text          0x00000000        0x0 Funciones.o
 .data          0x00000000        0x0 Funciones.o
 .bss           0x00000000        0x0 Funciones.o
 .text.prende   0x00000000       0x28 Funciones.o
 .text          0x00000000        0x0 Tp_regularizador.o
 .data          0x00000000        0x0 Tp_regularizador.o
 .bss           0x00000000        0x0 Tp_regularizador.o
 .group         0x00000000        0x8 ../../lpcopen_lpc4337/Debug/liblpcopen_lpc4337.a(cr_startup_lpc43xx.o)
 .text          0x00000000        0x0 ../../lpcopen_lpc4337/Debug/liblpcopen_lpc4337.a(cr_startup_lpc43xx.o)
 .data          0x00000000        0x0 ../../lpcopen_lpc4337/Debug/liblpcopen_lpc4337.a(cr_startup_lpc43xx.o)
 .bss           0x00000000        0x0 ../../lpcopen_lpc4337/Debug/liblpcopen_lpc4337.a(cr_startup_lpc43xx.o)
 .group         0x00000000        0x8 ../../lpcopen_lpc4337/Debug/liblpcopen_lpc4337.a(sysinit.o)
 .group         0x00000000        0x8 ../../lpcopen_lpc4337/Debug/liblpcopen_lpc4337.a(sysinit.o)
 .group         0x00000000        0x8 ../../lpcopen_lpc4337/Debug/liblpcopen_lpc4337.a(sysinit.o)
 .group         0x00000000        0x8 ../../lpcopen_lpc4337/Debug/liblpcopen_lpc4337.a(sysinit.o)
 .group         0x00000000        0x8 ../../lpcopen_lpc4337/Debug/liblpcopen_lpc4337.a(sysinit.o)
 .group         0x00000000        0x8 ../../lpcopen_lpc4337/Debug/liblpcopen_lpc4337.a(sysinit.o)
[...]
Memory Configuration

Name             Origin             Length             Attributes
MFlashA512       0x1a000000         0x00080000         xr
MFlashB512       0x1b000000         0x00080000         xr
RamLoc32         0x10000000         0x00008000         xrw
RamLoc40         0x10080000         0x0000a000         xrw
RamAHB32         0x20000000         0x00008000         xrw
RamAHB16         0x20008000         0x00004000         xrw
RamAHB_ETB16     0x2000c000         0x00004000         xrw
*default*        0x00000000         0xffffffff

Linker script and memory map

LOAD Funciones.o
LOAD Tp_regularizador.o
START GROUP
LOAD ../../lpcopen_lpc4337/Debug/liblpcopen_lpc4337.a
END GROUP
START GROUP
LOAD c:/program files (x86)/gnu tools arm embedded/7 2017-q4-major/bin/../lib/gcc/arm-none-eabi/7.2.1/thumb/v7e-m/fpv4-sp/softfp\libgcc.a
LOAD c:/program files (x86)/gnu tools arm embedded/7 2017-q4-major/bin/../lib/gcc/arm-none-eabi/7.2.1/../../../../arm-none-eabi/lib/thumb/v7e-m/fpv4-sp/softfp\libc.a
LOAD c:/program files (x86)/gnu tools arm embedded/7 2017-q4-major/bin/../lib/gcc/arm-none-eabi/7.2.1/../../../../arm-none-eabi/lib/thumb/v7e-m/fpv4-sp/softfp\libm.a
END GROUP
                0x1a080000                __top_MFlashA512 = 0x1a080000
                0x1b080000                __top_MFlashB512 = 0x1b080000
                0x10008000                __top_RamLoc32 = 0x10008000
                0x1008a000                __top_RamLoc40 = 0x1008a000
                0x20008000                __top_RamAHB32 = 0x20008000
                0x2000c000                __top_RamAHB16 = 0x2000c000
                0x20010000                __top_RamAHB_ETB16 = 0x20010000

.text_Flash2    0x1b000000        0x0
 FILL mask 0xff
 *(.text_Flash2*)
 *(.text_MFlashB512*)
 *(.text.$Flash2*)
 *(.text.$MFlashB512*)
 *(.rodata.$Flash2*)
 *(.rodata.$MFlashB512*)

.text           0x1a000000     0x1030
 FILL mask 0xff
                0x1a000000                __vectors_start__ = ABSOLUTE (.)
 *(.isr_vector)
 .isr_vector    0x1a000000      0x114 ../../lpcopen_lpc4337/Debug/liblpcopen_lpc4337.a(cr_startup_lpc43xx.o)
                0x1a000000                g_pfnVectors
                0x1a000114                . = ALIGN (0x4)
                0x1a000114                __section_table_start = .
                0x1a000114                __data_section_table = .
                0x1a000114        0x4 LONG 0x1a001030 LOADADDR (.data)
                0x1a000118        0x4 LONG 0x10000000 ADDR (.data)
                0x1a00011c        0x4 LONG 0x0 SIZEOF (.data)
                0x1a000120        0x4 LONG 0x1a001030 LOADADDR (.data_RAM2)
                0x1a000124        0x4 LONG 0x10080000 ADDR (.data_RAM2)
                0x1a000128        0x4 LONG 0x0 SIZEOF (.data_RAM2)
                0x1a00012c        0x4 LONG 0x1a001030 LOADADDR (.data_RAM3)
                0x1a000130        0x4 LONG 0x20000000 ADDR (.data_RAM3)
                0x1a000134        0x4 LONG 0x0 SIZEOF (.data_RAM3)
                0x1a000138        0x4 LONG 0x1a001030 LOADADDR (.data_RAM4)
                0x1a00013c        0x4 LONG 0x20008000 ADDR (.data_RAM4)
                0x1a000140        0x4 LONG 0x0 SIZEOF (.data_RAM4)
                0x1a000144        0x4 LONG 0x1a001030 LOADADDR (.data_RAM5)
                0x1a000148        0x4 LONG 0x2000c000 ADDR (.data_RAM5)
                0x1a00014c        0x4 LONG 0x0 SIZEOF (.data_RAM5)
                0x1a000150                __data_section_table_end = .
                0x1a000150                __bss_section_table = .
                0x1a000150        0x4 LONG 0x10000000 ADDR (.bss)
                0x1a000154        0x4 LONG 0x8 SIZEOF (.bss)
                0x1a000158        0x4 LONG 0x10080000 ADDR (.bss_RAM2)
                0x1a00015c        0x4 LONG 0x0 SIZEOF (.bss_RAM2)
                0x1a000160        0x4 LONG 0x20000000 ADDR (.bss_RAM3)
                0x1a000164        0x4 LONG 0x0 SIZEOF (.bss_RAM3)
                0x1a000168        0x4 LONG 0x20008000 ADDR (.bss_RAM4)
                0x1a00016c        0x4 LONG 0x0 SIZEOF (.bss_RAM4)
                0x1a000170        0x4 LONG 0x2000c000 ADDR (.bss_RAM5)
                0x1a000174        0x4 LONG 0x0 SIZEOF (.bss_RAM5)
                0x1a000178                __bss_section_table_end = .
                0x1a000178                __section_table_end = .
 *(.after_vectors*)
 .after_vectors
                0x1a000178       0xd0 ../../lpcopen_lpc4337/Debug/liblpcopen_lpc4337.a(cr_startup_lpc43xx.o)
                0x1a000178                data_init
                0x1a0001c8                bss_init
                0x1a000208                NMI_Handler
                0x1a000210                HardFault_Handler
                0x1a000218                MemManage_Handler
                0x1a000220                BusFault_Handler
                0x1a000228                UsageFault_Handler
                0x1a000230                SVC_Handler
                0x1a000238                DebugMon_Handler
                0x1a000240                I2C1_IRQHandler
                0x1a000240                UART1_IRQHandler
                0x1a000240                GPIO5_IRQHandler
                0x1a000240                CAN1_IRQHandler
                0x1a000240                USB1_IRQHandler
                0x1a000240                I2S0_IRQHandler
                0x1a000240                TIMER3_IRQHandler
                0x1a000240                UART0_IRQHandler
                0x1a000240                SDIO_IRQHandler
                0x1a000240                SGPIO_IRQHandler
                0x1a000240                ADC0_IRQHandler
                0x1a000240                I2C0_IRQHandler
                0x1a000240                GPIO6_IRQHandler
                0x1a000240                ADCHS_IRQHandler
                0x1a000240                GPIO1_IRQHandler
                0x1a000240                SSP0_IRQHandler
                0x1a000240                ADC1_IRQHandler
                0x1a000240                FLASHEEPROM_IRQHandler
                0x1a000240                RTC_IRQHandler
                0x1a000240                TIMER0_IRQHandler
                0x1a000240                SPI_IRQHandler
                0x1a000240                LCD_IRQHandler
                0x1a000240                RIT_IRQHandler
                0x1a000240                TIMER1_IRQHandler
                0x1a000240                UART2_IRQHandler
                0x1a000240                GPIO2_IRQHandler
                0x1a000240                I2S1_IRQHandler
                0x1a000240                SSP1_IRQHandler
                0x1a000240                USB0_IRQHandler
                0x1a000240                GPIO3_IRQHandler
                0x1a000240                SCT_IRQHandler
                0x1a000240                ATIMER_IRQHandler
                0x1a000240                MX_CORE_IRQHandler
                0x1a000240                WDT_IRQHandler
                0x1a000240                IntDefaultHandler
                0x1a000240                GPIO7_IRQHandler
                0x1a000240                SPIFI_IRQHandler
                0x1a000240                QEI_IRQHandler
                0x1a000240                ETH_IRQHandler
                0x1a000240                CAN0_IRQHandler
                0x1a000240                GINT0_IRQHandler
                0x1a000240                DAC_IRQHandler
                0x1a000240                M0SUB_IRQHandler
                0x1a000240                GPIO0_IRQHandler
                0x1a000240                DMA_IRQHandler
                0x1a000240                EVRT_IRQHandler
                0x1a000240                TIMER2_IRQHandler
                0x1a000240                UART3_IRQHandler
                0x1a000240                MCPWM_IRQHandler
                0x1a000240                GINT1_IRQHandler
                0x1a000240                GPIO4_IRQHandler
                0x000002fc                . = 0x2fc
 *fill*         0x1a000248       0xb4 ff
                0x1a0002fc                PROVIDE (__CRP_WORD_START__, .)
 *(.crp)
 .crp           0x1a0002fc        0x4 ../../lpcopen_lpc4337/Debug/liblpcopen_lpc4337.a(cr_startup_lpc43xx.o)
                0x1a0002fc                CRP_WORD
                0x1a000300                PROVIDE (__CRP_WORD_END__, .)
                0x00000001                ASSERT (! ((__CRP_WORD_START__ == __CRP_WORD_END__)), Linker CRP Enabled, but no CRP_WORD provided within application)
 *(.text*)
 .text.apaga    0x1a000300       0x28 Funciones.o
                0x1a000300                apaga
 .text.main     0x1a000328       0x30 Tp_regularizador.o
                0x1a000328                main
 .text.ResetISR
                0x1a000358       0xec ../../lpcopen_lpc4337/Debug/liblpcopen_lpc4337.a(cr_startup_lpc43xx.o)
                0x1a000358                ResetISR
 .text.SystemInit
                0x1a000444       0x2c ../../lpcopen_lpc4337/Debug/liblpcopen_lpc4337.a(sysinit.o)
                0x1a000444                SystemInit
 .text.Chip_SCU_PinMuxSet
                0x1a000470       0x34 ../../lpcopen_lpc4337/Debug/liblpcopen_lpc4337.a(board_sysinit.o)
 .text.Chip_SCU_SetPinMuxing
                0x1a0004a4       0x58 ../../lpcopen_lpc4337/Debug/liblpcopen_lpc4337.a(board_sysinit.o)
 .text.Board_SetupMuxing
                0x1a0004fc       0x28 ../../lpcopen_lpc4337/Debug/liblpcopen_lpc4337.a(board_sysinit.o)
                0x1a0004fc                Board_SetupMuxing
 .text.Board_SetupClocking
                0x1a000524       0xd8 ../../lpcopen_lpc4337/Debug/liblpcopen_lpc4337.a(board_sysinit.o)
                0x1a000524                Board_SetupClocking
 .text.Board_SystemInit
                0x1a0005fc       0x10 ../../lpcopen_lpc4337/Debug/liblpcopen_lpc4337.a(board_sysinit.o)
                0x1a0005fc                Board_SystemInit
 .text.Chip_Clock_TestMainPLLMultiplier
                0x1a00060c       0x4c ../../lpcopen_lpc4337/Debug/liblpcopen_lpc4337.a(clock_18xx_43xx.o)
 .text.Chip_Clock_GetDivRate
                0x1a000658       0x44 ../../lpcopen_lpc4337/Debug/liblpcopen_lpc4337.a(clock_18xx_43xx.o)
 .text.Chip_Clock_EnableCrystal
                0x1a00069c       0x90 ../../lpcopen_lpc4337/Debug/liblpcopen_lpc4337.a(clock_18xx_43xx.o)
                0x1a00069c                Chip_Clock_EnableCrystal
 .text.Chip_Clock_SetupMainPLLHz
                0x1a00072c      0x134 ../../lpcopen_lpc4337/Debug/liblpcopen_lpc4337.a(clock_18xx_43xx.o)
                0x1a00072c                Chip_Clock_SetupMainPLLHz
 .text.Chip_Clock_SetupMainPLLMult
                0x1a000860      0x13c ../../lpcopen_lpc4337/Debug/liblpcopen_lpc4337.a(clock_18xx_43xx.o)
                0x1a000860                Chip_Clock_SetupMainPLLMult
 .text.Chip_Clock_GetMainPLLHz
                0x1a00099c       0xe4 ../../lpcopen_lpc4337/Debug/liblpcopen_lpc4337.a(clock_18xx_43xx.o)
                0x1a00099c                Chip_Clock_GetMainPLLHz
 .text.Chip_Clock_DisableMainPLL
                0x1a000a80       0x24 ../../lpcopen_lpc4337/Debug/liblpcopen_lpc4337.a(clock_18xx_43xx.o)
                0x1a000a80                Chip_Clock_DisableMainPLL
 .text.Chip_Clock_SetDivider
                0x1a000aa4       0xa4 ../../lpcopen_lpc4337/Debug/liblpcopen_lpc4337.a(clock_18xx_43xx.o)
                0x1a000aa4                Chip_Clock_SetDivider
 .text.Chip_Clock_GetDividerSource
                0x1a000b48       0x48 ../../lpcopen_lpc4337/Debug/liblpcopen_lpc4337.a(clock_18xx_43xx.o)
                0x1a000b48                Chip_Clock_GetDividerSource
 .text.Chip_Clock_GetDividerDivisor
                0x1a000b90       0x40 ../../lpcopen_lpc4337/Debug/liblpcopen_lpc4337.a(clock_18xx_43xx.o)
                0x1a000b90                Chip_Clock_GetDividerDivisor
 .text.Chip_Clock_GetClockInputHz
                0x1a000bd0      0x174 ../../lpcopen_lpc4337/Debug/liblpcopen_lpc4337.a(clock_18xx_43xx.o)
                0x1a000bd0                Chip_Clock_GetClockInputHz
 .text.Chip_Clock_SetBaseClock
                0x1a000d44       0xa8 ../../lpcopen_lpc4337/Debug/liblpcopen_lpc4337.a(clock_18xx_43xx.o)
                0x1a000d44                Chip_Clock_SetBaseClock
 .text.fpuInit  0x1a000dec       0x84 ../../lpcopen_lpc4337/Debug/liblpcopen_lpc4337.a(fpu_init.o)
                0x1a000dec                fpuInit
 .text.Chip_SetupCoreClock
                0x1a000e70       0xf8 ../../lpcopen_lpc4337/Debug/liblpcopen_lpc4337.a(sysinit_18xx_43xx.o)
                0x1a000e70                Chip_SetupCoreClock
 *(.rodata .rodata.* .constdata .constdata.*)
 .rodata.InitClkStates
                0x1a000f68       0x10 ../../lpcopen_lpc4337/Debug/liblpcopen_lpc4337.a(board_sysinit.o)
 .rodata.spifipinmuxing
                0x1a000f78       0x18 ../../lpcopen_lpc4337/Debug/liblpcopen_lpc4337.a(board_sysinit.o)
 .rodata.pinmuxing
                0x1a000f90       0x44 ../../lpcopen_lpc4337/Debug/liblpcopen_lpc4337.a(board_sysinit.o)
 .rodata        0x1a000fd4        0xc ../../lpcopen_lpc4337/Debug/liblpcopen_lpc4337.a(clock_18xx_43xx.o)
 .rodata.InitClkStates
                0x1a000fe0       0x48 ../../lpcopen_lpc4337/Debug/liblpcopen_lpc4337.a(sysinit_18xx_43xx.o)
 .rodata.ExtRateIn
                0x1a001028        0x4 ../../lpcopen_lpc4337/Debug/liblpcopen_lpc4337.a(board.o)
                0x1a001028                ExtRateIn
 .rodata.OscRateIn
                0x1a00102c        0x4 ../../lpcopen_lpc4337/Debug/liblpcopen_lpc4337.a(board.o)
                0x1a00102c                OscRateIn
                0x1a001030                . = ALIGN (0x4)

.glue_7         0x1a001030        0x0
 .glue_7        0x1a001030        0x0 linker stubs

.glue_7t        0x1a001030        0x0
 .glue_7t       0x1a001030        0x0 linker stubs

.vfp11_veneer   0x1a001030        0x0
 .vfp11_veneer  0x1a001030        0x0 linker stubs

.v4_bx          0x1a001030        0x0
 .v4_bx         0x1a001030        0x0 linker stubs

.iplt           0x1a001030        0x0
 .iplt          0x1a001030        0x0 Tp_regularizador.o

.rel.dyn        0x1a001030        0x0
 .rel.iplt      0x1a001030        0x0 Tp_regularizador.o

.ARM.extab
 *(.ARM.extab* .gnu.linkonce.armextab.*)
                0x1a001030                __exidx_start = .

.ARM.exidx
 *(.ARM.exidx* .gnu.linkonce.armexidx.*)
                0x1a001030                __exidx_end = .
                0x1a001030                _etext = .

.data_RAM2      0x10080000        0x0 load address 0x1a001030
 FILL mask 0xff
 *(.ramfunc.$RAM2)
 *(.ramfunc.$RamLoc40)
 *(.data.$RAM2*)
 *(.data.$RamLoc40*)
                0x10080000                . = ALIGN (0x4)

.data_RAM3      0x20000000        0x0 load address 0x1a001030
 FILL mask 0xff
 *(.ramfunc.$RAM3)
 *(.ramfunc.$RamAHB32)
 *(.data.$RAM3*)
 *(.data.$RamAHB32*)
                0x20000000                . = ALIGN (0x4)

.data_RAM4      0x20008000        0x0 load address 0x1a001030
 FILL mask 0xff
 *(.ramfunc.$RAM4)
 *(.ramfunc.$RamAHB16)
 *(.data.$RAM4*)
 *(.data.$RamAHB16*)
                0x20008000                . = ALIGN (0x4)

.data_RAM5      0x2000c000        0x0 load address 0x1a001030
 FILL mask 0xff
 *(.ramfunc.$RAM5)
 *(.ramfunc.$RamAHB_ETB16)
 *(.data.$RAM5*)
 *(.data.$RamAHB_ETB16*)
                0x2000c000                . = ALIGN (0x4)

.uninit_RESERVED
                0x10000000        0x0
 *(.bss.$RESERVED*)
                0x10000000                . = ALIGN (0x4)
                0x10000000                _end_uninit_RESERVED = .

.data           0x10000000        0x0 load address 0x1a001030
 FILL mask 0xff
                0x10000000                _data = .
 *(vtable)
 *(.ramfunc*)
 *(.data*)
                0x10000000                . = ALIGN (0x4)
                0x10000000                _edata = .

.igot.plt       0x10000000        0x0 load address 0x1a001030
 .igot.plt      0x10000000        0x0 Tp_regularizador.o

.bss_RAM2       0x10080000        0x0
 *(.bss.$RAM2*)
 *(.bss.$RamLoc40*)
                0x10080000                . = ALIGN (0x4)

.bss_RAM3       0x20000000        0x0
 *(.bss.$RAM3*)
 *(.bss.$RamAHB32*)
                0x20000000                . = ALIGN (0x4)

.bss_RAM4       0x20008000        0x0
 *(.bss.$RAM4*)
 *(.bss.$RamAHB16*)
                0x20008000                . = ALIGN (0x4)

.bss_RAM5       0x2000c000        0x0
 *(.bss.$RAM5*)
 *(.bss.$RamAHB_ETB16*)
                0x2000c000                . = ALIGN (0x4)

.bss            0x10000000        0x8
                0x10000000                _bss = .
 *(.bss*)
 .bss.audio_usb_pll_freq
                0x10000000        0x8 ../../lpcopen_lpc4337/Debug/liblpcopen_lpc4337.a(clock_18xx_43xx.o)
 *(COMMON)
                0x10000008                . = ALIGN (0x4)
                0x10000008                _ebss = .
                [!provide]                PROVIDE (end, .)

.noinit_RAM2    0x10080000        0x0
 *(.noinit.$RAM2*)
 *(.noinit.$RamLoc40*)
                0x10080000                . = ALIGN (0x4)

.noinit_RAM3    0x20000000        0x0
 *(.noinit.$RAM3*)
 *(.noinit.$RamAHB32*)
                0x20000000                . = ALIGN (0x4)

.noinit_RAM4    0x20008000        0x0
 *(.noinit.$RAM4*)
 *(.noinit.$RamAHB16*)
                0x20008000                . = ALIGN (0x4)

.noinit_RAM5    0x2000c000        0x0
 *(.noinit.$RAM5*)
 *(.noinit.$RamAHB_ETB16*)
                0x2000c000                . = ALIGN (0x4)

.noinit         0x10000008        0x0
                0x10000008                _noinit = .
 *(.noinit*)
                0x10000008                . = ALIGN (0x4)
                0x10000008                _end_noinit = .
                [!provide]                PROVIDE (_pvHeapStart, .)
                0x10008000                PROVIDE (_vStackTop, (__top_RamLoc32 - 0x0))
OUTPUT(../bin/Tp_regularizador.axf elf32-littlearm)

.comment        0x00000000       0xee
 .comment       0x00000000       0x7e Funciones.o
                                 0x7f (size before relaxing)
 .comment       0x0000007e       0x7f Tp_regularizador.o
 .comment       0x0000007e       0x70 ../../lpcopen_lpc4337/Debug/liblpcopen_lpc4337.a(cr_startup_lpc43xx.o)
                                 0x71 (size before relaxing)
 .comment       0x000000ee       0x71 ../../lpcopen_lpc4337/Debug/liblpcopen_lpc4337.a(sysinit.o)
 .comment       0x000000ee       0x71 ../../lpcopen_lpc4337/Debug/liblpcopen_lpc4337.a(board_sysinit.o)
 .comment       0x000000ee       0x71 ../../lpcopen_lpc4337/Debug/liblpcopen_lpc4337.a(clock_18xx_43xx.o)
 .comment       0x000000ee       0x71 ../../lpcopen_lpc4337/Debug/liblpcopen_lpc4337.a(fpu_init.o)
 .comment       0x000000ee       0x71 ../../lpcopen_lpc4337/Debug/liblpcopen_lpc4337.a(sysinit_18xx_43xx.o)
 .comment       0x000000ee       0x71 ../../lpcopen_lpc4337/Debug/liblpcopen_lpc4337.a(board.o)

.ARM.attributes
                0x00000000       0x35
 .ARM.attributes
                0x00000000       0x37 Funciones.o
 .ARM.attributes
                0x00000037       0x37 Tp_regularizador.o
 .ARM.attributes
                0x0000006e       0x39 ../../lpcopen_lpc4337/Debug/liblpcopen_lpc4337.a(cr_startup_lpc43xx.o)
 .ARM.attributes
                0x000000a7       0x39 ../../lpcopen_lpc4337/Debug/liblpcopen_lpc4337.a(sysinit.o)
 .ARM.attributes
                0x000000e0       0x39 ../../lpcopen_lpc4337/Debug/liblpcopen_lpc4337.a(board_sysinit.o)
 .ARM.attributes
                0x00000119       0x39 ../../lpcopen_lpc4337/Debug/liblpcopen_lpc4337.a(clock_18xx_43xx.o)
 .ARM.attributes
                0x00000152       0x39 ../../lpcopen_lpc4337/Debug/liblpcopen_lpc4337.a(fpu_init.o)
 .ARM.attributes
                0x0000018b       0x39 ../../lpcopen_lpc4337/Debug/liblpcopen_lpc4337.a(sysinit_18xx_43xx.o)
 .ARM.attributes
                0x000001c4       0x39 ../../lpcopen_lpc4337/Debug/liblpcopen_lpc4337.a(board.o)

.debug_info     0x00000000     0x4675
 .debug_info    0x00000000      0x2c9 ../../lpcopen_lpc4337/Debug/liblpcopen_lpc4337.a(cr_startup_lpc43xx.o)
 .debug_info    0x000002c9       0xf9 ../../lpcopen_lpc4337/Debug/liblpcopen_lpc4337.a(sysinit.o)
 .debug_info    0x000003c2      0xbbf ../../lpcopen_lpc4337/Debug/liblpcopen_lpc4337.a(board_sysinit.o)
 .debug_info    0x00000f81     0x14d7 ../../lpcopen_lpc4337/Debug/liblpcopen_lpc4337.a(clock_18xx_43xx.o)
 .debug_info    0x00002458      0x133 ../../lpcopen_lpc4337/Debug/liblpcopen_lpc4337.a(fpu_init.o)
 .debug_info    0x0000258b      0x6fe ../../lpcopen_lpc4337/Debug/liblpcopen_lpc4337.a(sysinit_18xx_43xx.o)
 .debug_info    0x00002c89     0x19ec ../../lpcopen_lpc4337/Debug/liblpcopen_lpc4337.a(board.o)

.debug_abbrev   0x00000000      0xa7b
 .debug_abbrev  0x00000000      0x100 ../../lpcopen_lpc4337/Debug/liblpcopen_lpc4337.a(cr_startup_lpc43xx.o)
 .debug_abbrev  0x00000100       0x9e ../../lpcopen_lpc4337/Debug/liblpcopen_lpc4337.a(sysinit.o)
 .debug_abbrev  0x0000019e      0x180 ../../lpcopen_lpc4337/Debug/liblpcopen_lpc4337.a(board_sysinit.o)
 .debug_abbrev  0x0000031e      0x294 ../../lpcopen_lpc4337/Debug/liblpcopen_lpc4337.a(clock_18xx_43xx.o)
 .debug_abbrev  0x000005b2       0x86 ../../lpcopen_lpc4337/Debug/liblpcopen_lpc4337.a(fpu_init.o)
 .debug_abbrev  0x00000638      0x12f ../../lpcopen_lpc4337/Debug/liblpcopen_lpc4337.a(sysinit_18xx_43xx.o)
 .debug_abbrev  0x00000767      0x314 ../../lpcopen_lpc4337/Debug/liblpcopen_lpc4337.a(board.o)

.debug_loc      0x00000000     0x13dc
 .debug_loc     0x00000000      0x208 ../../lpcopen_lpc4337/Debug/liblpcopen_lpc4337.a(cr_startup_lpc43xx.o)
 .debug_loc     0x00000208       0x38 ../../lpcopen_lpc4337/Debug/liblpcopen_lpc4337.a(sysinit.o)
 .debug_loc     0x00000240      0x100 ../../lpcopen_lpc4337/Debug/liblpcopen_lpc4337.a(board_sysinit.o)
 .debug_loc     0x00000340      0x71c ../../lpcopen_lpc4337/Debug/liblpcopen_lpc4337.a(clock_18xx_43xx.o)
 .debug_loc     0x00000a5c       0x38 ../../lpcopen_lpc4337/Debug/liblpcopen_lpc4337.a(fpu_init.o)
 .debug_loc     0x00000a94       0xbc ../../lpcopen_lpc4337/Debug/liblpcopen_lpc4337.a(sysinit_18xx_43xx.o)
 .debug_loc     0x00000b50      0x88c ../../lpcopen_lpc4337/Debug/liblpcopen_lpc4337.a(board.o)

.debug_aranges  0x00000000      0x3b0
 .debug_aranges
                0x00000000       0x70 ../../lpcopen_lpc4337/Debug/liblpcopen_lpc4337.a(cr_startup_lpc43xx.o)
 .debug_aranges
                0x00000070       0x20 ../../lpcopen_lpc4337/Debug/liblpcopen_lpc4337.a(sysinit.o)
 .debug_aranges
                0x00000090       0x40 ../../lpcopen_lpc4337/Debug/liblpcopen_lpc4337.a(board_sysinit.o)
 .debug_aranges
                0x000000d0      0x128 ../../lpcopen_lpc4337/Debug/liblpcopen_lpc4337.a(clock_18xx_43xx.o)
 .debug_aranges
                0x000001f8       0x20 ../../lpcopen_lpc4337/Debug/liblpcopen_lpc4337.a(fpu_init.o)
 .debug_aranges
                0x00000218       0x38 ../../lpcopen_lpc4337/Debug/liblpcopen_lpc4337.a(sysinit_18xx_43xx.o)
 .debug_aranges
                0x00000250      0x160 ../../lpcopen_lpc4337/Debug/liblpcopen_lpc4337.a(board.o)

.debug_ranges   0x00000000      0x340
 .debug_ranges  0x00000000       0x60 ../../lpcopen_lpc4337/Debug/liblpcopen_lpc4337.a(cr_startup_lpc43xx.o)
 .debug_ranges  0x00000060       0x10 ../../lpcopen_lpc4337/Debug/liblpcopen_lpc4337.a(sysinit.o)
 .debug_ranges  0x00000070       0x30 ../../lpcopen_lpc4337/Debug/liblpcopen_lpc4337.a(board_sysinit.o)
 .debug_ranges  0x000000a0      0x118 ../../lpcopen_lpc4337/Debug/liblpcopen_lpc4337.a(clock_18xx_43xx.o)
 .debug_ranges  0x000001b8       0x10 ../../lpcopen_lpc4337/Debug/liblpcopen_lpc4337.a(fpu_init.o)
 .debug_ranges  0x000001c8       0x28 ../../lpcopen_lpc4337/Debug/liblpcopen_lpc4337.a(sysinit_18xx_43xx.o)
 .debug_ranges  0x000001f0      0x150 ../../lpcopen_lpc4337/Debug/liblpcopen_lpc4337.a(board.o)

.debug_macro    0x00000000     0x5b77
 .debug_macro   0x00000000       0x24 ../../lpcopen_lpc4337/Debug/liblpcopen_lpc4337.a(cr_startup_lpc43xx.o)
 .debug_macro   0x00000024      0x826 ../../lpcopen_lpc4337/Debug/liblpcopen_lpc4337.a(cr_startup_lpc43xx.o)
 .debug_macro   0x0000084a      0x3d2 ../../lpcopen_lpc4337/Debug/liblpcopen_lpc4337.a(sysinit.o)
 .debug_macro   0x00000c1c       0x10 ../../lpcopen_lpc4337/Debug/liblpcopen_lpc4337.a(sysinit.o)
 .debug_macro   0x00000c2c       0x3a ../../lpcopen_lpc4337/Debug/liblpcopen_lpc4337.a(sysinit.o)
 .debug_macro   0x00000c66       0x10 ../../lpcopen_lpc4337/Debug/liblpcopen_lpc4337.a(sysinit.o)
 .debug_macro   0x00000c76       0x2e ../../lpcopen_lpc4337/Debug/liblpcopen_lpc4337.a(sysinit.o)
 .debug_macro   0x00000ca4       0xa3 ../../lpcopen_lpc4337/Debug/liblpcopen_lpc4337.a(sysinit.o)
 .debug_macro   0x00000d47      0x20e ../../lpcopen_lpc4337/Debug/liblpcopen_lpc4337.a(sysinit.o)
 .debug_macro   0x00000f55       0x22 ../../lpcopen_lpc4337/Debug/liblpcopen_lpc4337.a(sysinit.o)
 .debug_macro   0x00000f77       0x7b ../../lpcopen_lpc4337/Debug/liblpcopen_lpc4337.a(sysinit.o)
 .debug_macro   0x00000ff2       0x28 ../../lpcopen_lpc4337/Debug/liblpcopen_lpc4337.a(sysinit.o)
 .debug_macro   0x0000101a       0x3b ../../lpcopen_lpc4337/Debug/liblpcopen_lpc4337.a(sysinit.o)
 .debug_macro   0x00001055       0x2d ../../lpcopen_lpc4337/Debug/liblpcopen_lpc4337.a(sysinit.o)
 .debug_macro   0x00001082       0x42 ../../lpcopen_lpc4337/Debug/liblpcopen_lpc4337.a(sysinit.o)
 .debug_macro   0x000010c4      0xd39 ../../lpcopen_lpc4337/Debug/liblpcopen_lpc4337.a(sysinit.o)
 .debug_macro   0x00001dfd      0x2bc ../../lpcopen_lpc4337/Debug/liblpcopen_lpc4337.a(sysinit.o)
 .debug_macro   0x000020b9      0x112 ../../lpcopen_lpc4337/Debug/liblpcopen_lpc4337.a(sysinit.o)
 .debug_macro   0x000021cb       0x11 ../../lpcopen_lpc4337/Debug/liblpcopen_lpc4337.a(sysinit.o)
 .debug_macro   0x000021dc       0x1e ../../lpcopen_lpc4337/Debug/liblpcopen_lpc4337.a(sysinit.o)
 .debug_macro   0x000021fa       0x16 ../../lpcopen_lpc4337/Debug/liblpcopen_lpc4337.a(sysinit.o)
 .debug_macro   0x00002210      0x2e6 ../../lpcopen_lpc4337/Debug/liblpcopen_lpc4337.a(sysinit.o)
 .debug_macro   0x000024f6       0x82 ../../lpcopen_lpc4337/Debug/liblpcopen_lpc4337.a(sysinit.o)
 .debug_macro   0x00002578      0x13d ../../lpcopen_lpc4337/Debug/liblpcopen_lpc4337.a(sysinit.o)
 .debug_macro   0x000026b5      0x198 ../../lpcopen_lpc4337/Debug/liblpcopen_lpc4337.a(sysinit.o)
 .debug_macro   0x0000284d       0x34 ../../lpcopen_lpc4337/Debug/liblpcopen_lpc4337.a(sysinit.o)
 .debug_macro   0x00002881       0x58 ../../lpcopen_lpc4337/Debug/liblpcopen_lpc4337.a(sysinit.o)
 .debug_macro   0x000028d9      0x236 ../../lpcopen_lpc4337/Debug/liblpcopen_lpc4337.a(sysinit.o)
 .debug_macro   0x00002b0f      0x572 ../../lpcopen_lpc4337/Debug/liblpcopen_lpc4337.a(sysinit.o)
 .debug_macro   0x00003081       0x16 ../../lpcopen_lpc4337/Debug/liblpcopen_lpc4337.a(sysinit.o)
 .debug_macro   0x00003097      0x18a ../../lpcopen_lpc4337/Debug/liblpcopen_lpc4337.a(sysinit.o)
 .debug_macro   0x00003221       0x88 ../../lpcopen_lpc4337/Debug/liblpcopen_lpc4337.a(sysinit.o)
 .debug_macro   0x000032a9      0x1b9 ../../lpcopen_lpc4337/Debug/liblpcopen_lpc4337.a(sysinit.o)
 .debug_macro   0x00003462      0x1da ../../lpcopen_lpc4337/Debug/liblpcopen_lpc4337.a(sysinit.o)
 .debug_macro   0x0000363c       0x40 ../../lpcopen_lpc4337/Debug/liblpcopen_lpc4337.a(sysinit.o)
 .debug_macro   0x0000367c       0x1c ../../lpcopen_lpc4337/Debug/liblpcopen_lpc4337.a(sysinit.o)
 .debug_macro   0x00003698       0x2e ../../lpcopen_lpc4337/Debug/liblpcopen_lpc4337.a(sysinit.o)
 .debug_macro   0x000036c6       0x2e ../../lpcopen_lpc4337/Debug/liblpcopen_lpc4337.a(sysinit.o)
 .debug_macro   0x000036f4       0x22 ../../lpcopen_lpc4337/Debug/liblpcopen_lpc4337.a(sysinit.o)
 .debug_macro   0x00003716      0x201 ../../lpcopen_lpc4337/Debug/liblpcopen_lpc4337.a(sysinit.o)
 .debug_macro   0x00003917       0xe0 ../../lpcopen_lpc4337/Debug/liblpcopen_lpc4337.a(sysinit.o)
 .debug_macro   0x000039f7      0x34c ../../lpcopen_lpc4337/Debug/liblpcopen_lpc4337.a(sysinit.o)
 .debug_macro   0x00003d43       0xdc ../../lpcopen_lpc4337/Debug/liblpcopen_lpc4337.a(sysinit.o)
 .debug_macro   0x00003e1f       0x94 ../../lpcopen_lpc4337/Debug/liblpcopen_lpc4337.a(sysinit.o)
 .debug_macro   0x00003eb3       0xb8 ../../lpcopen_lpc4337/Debug/liblpcopen_lpc4337.a(sysinit.o)
 .debug_macro   0x00003f6b       0x4c ../../lpcopen_lpc4337/Debug/liblpcopen_lpc4337.a(sysinit.o)
 .debug_macro   0x00003fb7       0x16 ../../lpcopen_lpc4337/Debug/liblpcopen_lpc4337.a(sysinit.o)
 .debug_macro   0x00003fcd      0x328 ../../lpcopen_lpc4337/Debug/liblpcopen_lpc4337.a(sysinit.o)
 .debug_macro   0x000042f5       0x3a ../../lpcopen_lpc4337/Debug/liblpcopen_lpc4337.a(sysinit.o)
 .debug_macro   0x0000432f       0xd0 ../../lpcopen_lpc4337/Debug/liblpcopen_lpc4337.a(sysinit.o)
 .debug_macro   0x000043ff       0x18 ../../lpcopen_lpc4337/Debug/liblpcopen_lpc4337.a(sysinit.o)
 .debug_macro   0x00004417       0x22 ../../lpcopen_lpc4337/Debug/liblpcopen_lpc4337.a(sysinit.o)
 .debug_macro   0x00004439       0x40 ../../lpcopen_lpc4337/Debug/liblpcopen_lpc4337.a(sysinit.o)
 .debug_macro   0x00004479       0x7c ../../lpcopen_lpc4337/Debug/liblpcopen_lpc4337.a(sysinit.o)
 .debug_macro   0x000044f5       0x10 ../../lpcopen_lpc4337/Debug/liblpcopen_lpc4337.a(sysinit.o)
 .debug_macro   0x00004505       0x89 ../../lpcopen_lpc4337/Debug/liblpcopen_lpc4337.a(sysinit.o)
 .debug_macro   0x0000458e       0x10 ../../lpcopen_lpc4337/Debug/liblpcopen_lpc4337.a(sysinit.o)
 .debug_macro   0x0000459e       0x3a ../../lpcopen_lpc4337/Debug/liblpcopen_lpc4337.a(sysinit.o)
 .debug_macro   0x000045d8       0x52 ../../lpcopen_lpc4337/Debug/liblpcopen_lpc4337.a(sysinit.o)
 .debug_macro   0x0000462a       0x19 ../../lpcopen_lpc4337/Debug/liblpcopen_lpc4337.a(sysinit.o)
 .debug_macro   0x00004643      0x16d ../../lpcopen_lpc4337/Debug/liblpcopen_lpc4337.a(sysinit.o)
 .debug_macro   0x000047b0       0x10 ../../lpcopen_lpc4337/Debug/liblpcopen_lpc4337.a(sysinit.o)
 .debug_macro   0x000047c0       0xfc ../../lpcopen_lpc4337/Debug/liblpcopen_lpc4337.a(sysinit.o)
 .debug_macro   0x000048bc       0x22 ../../lpcopen_lpc4337/Debug/liblpcopen_lpc4337.a(sysinit.o)
 .debug_macro   0x000048de       0x91 ../../lpcopen_lpc4337/Debug/liblpcopen_lpc4337.a(sysinit.o)
 .debug_macro   0x0000496f       0x16 ../../lpcopen_lpc4337/Debug/liblpcopen_lpc4337.a(sysinit.o)
 .debug_macro   0x00004985      0x16d ../../lpcopen_lpc4337/Debug/liblpcopen_lpc4337.a(sysinit.o)
 .debug_macro   0x00004af2       0x20 ../../lpcopen_lpc4337/Debug/liblpcopen_lpc4337.a(sysinit.o)
 .debug_macro   0x00004b12       0x28 ../../lpcopen_lpc4337/Debug/liblpcopen_lpc4337.a(sysinit.o)
 .debug_macro   0x00004b3a      0x124 ../../lpcopen_lpc4337/Debug/liblpcopen_lpc4337.a(sysinit.o)
 .debug_macro   0x00004c5e      0x3d2 ../../lpcopen_lpc4337/Debug/liblpcopen_lpc4337.a(board_sysinit.o)
 .debug_macro   0x00005030      0x2fe ../../lpcopen_lpc4337/Debug/liblpcopen_lpc4337.a(clock_18xx_43xx.o)
 .debug_macro   0x0000532e       0xe8 ../../lpcopen_lpc4337/Debug/liblpcopen_lpc4337.a(fpu_init.o)
 .debug_macro   0x00005416      0x2f8 ../../lpcopen_lpc4337/Debug/liblpcopen_lpc4337.a(sysinit_18xx_43xx.o)
 .debug_macro   0x0000570e      0x3f6 ../../lpcopen_lpc4337/Debug/liblpcopen_lpc4337.a(board.o)
 .debug_macro   0x00005b04       0x10 ../../lpcopen_lpc4337/Debug/liblpcopen_lpc4337.a(board.o)
 .debug_macro   0x00005b14       0x35 ../../lpcopen_lpc4337/Debug/liblpcopen_lpc4337.a(board.o)
 .debug_macro   0x00005b49       0x1c ../../lpcopen_lpc4337/Debug/liblpcopen_lpc4337.a(board.o)
 .debug_macro   0x00005b65       0x12 ../../lpcopen_lpc4337/Debug/liblpcopen_lpc4337.a(board.o)

.debug_line     0x00000000     0x30c4
 .debug_line    0x00000000       0xf4 ../../lpcopen_lpc4337/Debug/liblpcopen_lpc4337.a(cr_startup_lpc43xx.o)
 .debug_line    0x000000f4      0x7a2 ../../lpcopen_lpc4337/Debug/liblpcopen_lpc4337.a(sysinit.o)
 .debug_line    0x00000896      0x81e ../../lpcopen_lpc4337/Debug/liblpcopen_lpc4337.a(board_sysinit.o)
 .debug_line    0x000010b4      0xa67 ../../lpcopen_lpc4337/Debug/liblpcopen_lpc4337.a(clock_18xx_43xx.o)
 .debug_line    0x00001b1b      0x314 ../../lpcopen_lpc4337/Debug/liblpcopen_lpc4337.a(fpu_init.o)
 .debug_line    0x00001e2f      0x740 ../../lpcopen_lpc4337/Debug/liblpcopen_lpc4337.a(sysinit_18xx_43xx.o)
 .debug_line    0x0000256f      0xb55 ../../lpcopen_lpc4337/Debug/liblpcopen_lpc4337.a(board.o)

.debug_str      0x00000000    0x187d3
 .debug_str     0x00000000     0x2497 ../../lpcopen_lpc4337/Debug/liblpcopen_lpc4337.a(cr_startup_lpc43xx.o)
                               0x24af (size before relaxing)
 .debug_str     0x00002497    0x146b0 ../../lpcopen_lpc4337/Debug/liblpcopen_lpc4337.a(sysinit.o)
                              0x16b98 (size before relaxing)
 .debug_str     0x00016b47      0xd8c ../../lpcopen_lpc4337/Debug/liblpcopen_lpc4337.a(board_sysinit.o)
                              0x17937 (size before relaxing)
 .debug_str     0x000178d3      0x609 ../../lpcopen_lpc4337/Debug/liblpcopen_lpc4337.a(clock_18xx_43xx.o)
                              0x15243 (size before relaxing)
 .debug_str     0x00017edc       0xb5 ../../lpcopen_lpc4337/Debug/liblpcopen_lpc4337.a(fpu_init.o)
                               0x8bef (size before relaxing)
 .debug_str     0x00017f91       0x7e ../../lpcopen_lpc4337/Debug/liblpcopen_lpc4337.a(sysinit_18xx_43xx.o)
                              0x14ba2 (size before relaxing)
 .debug_str     0x0001800f      0x7c4 ../../lpcopen_lpc4337/Debug/liblpcopen_lpc4337.a(board.o)
                              0x17f69 (size before relaxing)

.debug_frame    0x00000000      0xb34
 .debug_frame   0x00000000      0x128 ../../lpcopen_lpc4337/Debug/liblpcopen_lpc4337.a(cr_startup_lpc43xx.o)
 .debug_frame   0x00000128       0x30 ../../lpcopen_lpc4337/Debug/liblpcopen_lpc4337.a(sysinit.o)
 .debug_frame   0x00000158       0xa4 ../../lpcopen_lpc4337/Debug/liblpcopen_lpc4337.a(board_sysinit.o)
 .debug_frame   0x000001fc      0x3cc ../../lpcopen_lpc4337/Debug/liblpcopen_lpc4337.a(clock_18xx_43xx.o)
 .debug_frame   0x000005c8       0x2c ../../lpcopen_lpc4337/Debug/liblpcopen_lpc4337.a(fpu_init.o)
 .debug_frame   0x000005f4       0x84 ../../lpcopen_lpc4337/Debug/liblpcopen_lpc4337.a(sysinit_18xx_43xx.o)
 .debug_frame   0x00000678      0x4bc ../../lpcopen_lpc4337/Debug/liblpcopen_lpc4337.a(board.o)
