Archive member included to satisfy reference by file (symbol)

../../lpcopen_lpc4337/Debug/liblpcopen_lpc4337.a(board.o)
                              TP_Final.o (Board_UARTPutSTR)
../../lpcopen_lpc4337/Debug/liblpcopen_lpc4337.a(clock_18xx_43xx.o)
                              uart_funciones.o (Chip_Clock_GetRate)
../../lpcopen_lpc4337/Debug/liblpcopen_lpc4337.a(cr_startup_lpc43xx.o)
                              (ResetISR)
../../lpcopen_lpc4337/Debug/liblpcopen_lpc4337.a(gpio_18xx_43xx.o)
                              ../../lpcopen_lpc4337/Debug/liblpcopen_lpc4337.a(board.o) (Chip_GPIO_Init)
../../lpcopen_lpc4337/Debug/liblpcopen_lpc4337.a(i2s_18xx_43xx.o)
                              ../../lpcopen_lpc4337/Debug/liblpcopen_lpc4337.a(board.o) (Chip_I2S_Init)
../../lpcopen_lpc4337/Debug/liblpcopen_lpc4337.a(sysinit.o)
                              ../../lpcopen_lpc4337/Debug/liblpcopen_lpc4337.a(cr_startup_lpc43xx.o) (SystemInit)
../../lpcopen_lpc4337/Debug/liblpcopen_lpc4337.a(uart_18xx_43xx.o)
                              ../../lpcopen_lpc4337/Debug/liblpcopen_lpc4337.a(board.o) (Chip_UART_Init)
../../lpcopen_lpc4337/Debug/liblpcopen_lpc4337.a(uda1380.o)
                              ../../lpcopen_lpc4337/Debug/liblpcopen_lpc4337.a(board.o) (UDA1380_Init)
../../lpcopen_lpc4337/Debug/liblpcopen_lpc4337.a(board_sysinit.o)
                              ../../lpcopen_lpc4337/Debug/liblpcopen_lpc4337.a(sysinit.o) (Board_SystemInit)
../../lpcopen_lpc4337/Debug/liblpcopen_lpc4337.a(fpu_init.o)
                              ../../lpcopen_lpc4337/Debug/liblpcopen_lpc4337.a(sysinit.o) (fpuInit)
../../lpcopen_lpc4337/Debug/liblpcopen_lpc4337.a(i2c_18xx_43xx.o)
                              ../../lpcopen_lpc4337/Debug/liblpcopen_lpc4337.a(uda1380.o) (Chip_I2C_EventHandlerPolling)
../../lpcopen_lpc4337/Debug/liblpcopen_lpc4337.a(ring_buffer.o)
                              ../../lpcopen_lpc4337/Debug/liblpcopen_lpc4337.a(uart_18xx_43xx.o) (RingBuffer_Insert)
../../lpcopen_lpc4337/Debug/liblpcopen_lpc4337.a(sysinit_18xx_43xx.o)
                              ../../lpcopen_lpc4337/Debug/liblpcopen_lpc4337.a(board_sysinit.o) (Chip_SetupCoreClock)
c:/program files (x86)/gnu tools arm embedded/7 2017-q4-major/bin/../lib/gcc/arm-none-eabi/7.2.1/thumb/v7e-m/fpv4-sp/softfp\libgcc.a(_aeabi_uldivmod.o)
                              ../../lpcopen_lpc4337/Debug/liblpcopen_lpc4337.a(i2s_18xx_43xx.o) (__aeabi_uldivmod)
c:/program files (x86)/gnu tools arm embedded/7 2017-q4-major/bin/../lib/gcc/arm-none-eabi/7.2.1/thumb/v7e-m/fpv4-sp/softfp\libgcc.a(_udivmoddi4.o)
                              c:/program files (x86)/gnu tools arm embedded/7 2017-q4-major/bin/../lib/gcc/arm-none-eabi/7.2.1/thumb/v7e-m/fpv4-sp/softfp\libgcc.a(_aeabi_uldivmod.o) (__udivmoddi4)
c:/program files (x86)/gnu tools arm embedded/7 2017-q4-major/bin/../lib/gcc/arm-none-eabi/7.2.1/thumb/v7e-m/fpv4-sp/softfp\libgcc.a(_dvmd_tls.o)
                              c:/program files (x86)/gnu tools arm embedded/7 2017-q4-major/bin/../lib/gcc/arm-none-eabi/7.2.1/thumb/v7e-m/fpv4-sp/softfp\libgcc.a(_aeabi_uldivmod.o) (__aeabi_ldiv0)
c:/program files (x86)/gnu tools arm embedded/7 2017-q4-major/bin/../lib/gcc/arm-none-eabi/7.2.1/../../../../arm-none-eabi/lib/thumb/v7e-m/fpv4-sp/softfp\libc.a(lib_a-memcpy.o)
                              ../../lpcopen_lpc4337/Debug/liblpcopen_lpc4337.a(ring_buffer.o) (memcpy)

Discarded input sections

 .text          0x00000000        0x0 Funciones.o
 .data          0x00000000        0x0 Funciones.o
 .bss           0x00000000        0x0 Funciones.o
 .text.apaga    0x00000000       0x28 Funciones.o
 .text.prende   0x00000000       0x28 Funciones.o
 .comment       0x00000000       0x7f Funciones.o
 .ARM.attributes
                0x00000000       0x37 Funciones.o
 .text          0x00000000        0x0 print_functions.o
 .data          0x00000000        0x0 print_functions.o
 .bss           0x00000000        0x0 print_functions.o
 .text.printf_mio
                0x00000000       0x20 print_functions.o
 .text          0x00000000        0x0 TP_Final.o
 .data          0x00000000        0x0 TP_Final.o
 .bss           0x00000000        0x0 TP_Final.o
 .text          0x00000000        0x0 uart_funciones.o
 .data          0x00000000        0x0 uart_funciones.o
 .bss           0x00000000        0x0 uart_funciones.o
 .group         0x00000000        0x8 ../../lpcopen_lpc4337/Debug/liblpcopen_lpc4337.a(board.o)
 .group         0x00000000        0x8 ../../lpcopen_lpc4337/Debug/liblpcopen_lpc4337.a(board.o)
 .group         0x00000000        0x8 ../../lpcopen_lpc4337/Debug/liblpcopen_lpc4337.a(board.o)
 .group         0x00000000        0x8 ../../lpcopen_lpc4337/Debug/liblpcopen_lpc4337.a(board.o)
 .group         0x00000000        0x8 ../../lpcopen_lpc4337/Debug/liblpcopen_lpc4337.a(board.o)
 .group         0x00000000        0x8 ../../lpcopen_lpc4337/Debug/liblpcopen_lpc4337.a(board.o)
[...]
Memory Configuration

Name             Origin             Length             Attributes
MFlashA512       0x1a000000         0x00080000         xr
MFlashB512       0x1b000000         0x00080000         xr
RamLoc32         0x10000000         0x00008000         xrw
RamLoc40         0x10080000         0x0000a000         xrw
RamAHB32         0x20000000         0x00008000         xrw
RamAHB16         0x20008000         0x00004000         xrw
RamAHB_ETB16     0x2000c000         0x00004000         xrw
*default*        0x00000000         0xffffffff

Linker script and memory map

LOAD Funciones.o
LOAD print_functions.o
LOAD TP_Final.o
LOAD uart_funciones.o
START GROUP
LOAD ../../lpcopen_lpc4337/Debug/liblpcopen_lpc4337.a
END GROUP
START GROUP
LOAD c:/program files (x86)/gnu tools arm embedded/7 2017-q4-major/bin/../lib/gcc/arm-none-eabi/7.2.1/thumb/v7e-m/fpv4-sp/softfp\libgcc.a
LOAD c:/program files (x86)/gnu tools arm embedded/7 2017-q4-major/bin/../lib/gcc/arm-none-eabi/7.2.1/../../../../arm-none-eabi/lib/thumb/v7e-m/fpv4-sp/softfp\libc.a
LOAD c:/program files (x86)/gnu tools arm embedded/7 2017-q4-major/bin/../lib/gcc/arm-none-eabi/7.2.1/../../../../arm-none-eabi/lib/thumb/v7e-m/fpv4-sp/softfp\libm.a
END GROUP
                0x1a080000                __top_MFlashA512 = 0x1a080000
                0x1b080000                __top_MFlashB512 = 0x1b080000
                0x10008000                __top_RamLoc32 = 0x10008000
                0x1008a000                __top_RamLoc40 = 0x1008a000
                0x20008000                __top_RamAHB32 = 0x20008000
                0x2000c000                __top_RamAHB16 = 0x2000c000
                0x20010000                __top_RamAHB_ETB16 = 0x20010000

.text_Flash2    0x1b000000        0x0
 FILL mask 0xff
 *(.text_Flash2*)
 *(.text_MFlashB512*)
 *(.text.$Flash2*)
 *(.text.$MFlashB512*)
 *(.rodata.$Flash2*)
 *(.rodata.$MFlashB512*)

.text           0x1a000000     0x17dc
 FILL mask 0xff
                0x1a000000                __vectors_start__ = ABSOLUTE (.)
 *(.isr_vector)
 .isr_vector    0x1a000000      0x114 ../../lpcopen_lpc4337/Debug/liblpcopen_lpc4337.a(cr_startup_lpc43xx.o)
                0x1a000000                g_pfnVectors
                0x1a000114                . = ALIGN (0x4)
                0x1a000114                __section_table_start = .
                0x1a000114                __data_section_table = .
                0x1a000114        0x4 LONG 0x1a0017dc LOADADDR (.data)
                0x1a000118        0x4 LONG 0x10000000 ADDR (.data)
                0x1a00011c        0x4 LONG 0x0 SIZEOF (.data)
                0x1a000120        0x4 LONG 0x1a0017dc LOADADDR (.data_RAM2)
                0x1a000124        0x4 LONG 0x10080000 ADDR (.data_RAM2)
                0x1a000128        0x4 LONG 0x0 SIZEOF (.data_RAM2)
                0x1a00012c        0x4 LONG 0x1a0017dc LOADADDR (.data_RAM3)
                0x1a000130        0x4 LONG 0x20000000 ADDR (.data_RAM3)
                0x1a000134        0x4 LONG 0x0 SIZEOF (.data_RAM3)
                0x1a000138        0x4 LONG 0x1a0017dc LOADADDR (.data_RAM4)
                0x1a00013c        0x4 LONG 0x20008000 ADDR (.data_RAM4)
                0x1a000140        0x4 LONG 0x0 SIZEOF (.data_RAM4)
                0x1a000144        0x4 LONG 0x1a0017dc LOADADDR (.data_RAM5)
                0x1a000148        0x4 LONG 0x2000c000 ADDR (.data_RAM5)
                0x1a00014c        0x4 LONG 0x0 SIZEOF (.data_RAM5)
                0x1a000150                __data_section_table_end = .
                0x1a000150                __bss_section_table = .
                0x1a000150        0x4 LONG 0x10000000 ADDR (.bss)
                0x1a000154        0x4 LONG 0x108 SIZEOF (.bss)
                0x1a000158        0x4 LONG 0x10080000 ADDR (.bss_RAM2)
                0x1a00015c        0x4 LONG 0x0 SIZEOF (.bss_RAM2)
                0x1a000160        0x4 LONG 0x20000000 ADDR (.bss_RAM3)
                0x1a000164        0x4 LONG 0x0 SIZEOF (.bss_RAM3)
                0x1a000168        0x4 LONG 0x20008000 ADDR (.bss_RAM4)
                0x1a00016c        0x4 LONG 0x0 SIZEOF (.bss_RAM4)
                0x1a000170        0x4 LONG 0x2000c000 ADDR (.bss_RAM5)
                0x1a000174        0x4 LONG 0x0 SIZEOF (.bss_RAM5)
                0x1a000178                __bss_section_table_end = .
                0x1a000178                __section_table_end = .
 *(.after_vectors*)
 .after_vectors
                0x1a000178       0xd0 ../../lpcopen_lpc4337/Debug/liblpcopen_lpc4337.a(cr_startup_lpc43xx.o)
                0x1a000178                data_init
                0x1a0001c8                bss_init
                0x1a000208                NMI_Handler
                0x1a000210                HardFault_Handler
                0x1a000218                MemManage_Handler
                0x1a000220                BusFault_Handler
                0x1a000228                UsageFault_Handler
                0x1a000230                SVC_Handler
                0x1a000238                DebugMon_Handler
                0x1a000240                I2C1_IRQHandler
                0x1a000240                UART1_IRQHandler
                0x1a000240                GPIO5_IRQHandler
                0x1a000240                CAN1_IRQHandler
                0x1a000240                USB1_IRQHandler
                0x1a000240                I2S0_IRQHandler
                0x1a000240                TIMER3_IRQHandler
                0x1a000240                UART0_IRQHandler
                0x1a000240                SDIO_IRQHandler
                0x1a000240                SGPIO_IRQHandler
                0x1a000240                ADC0_IRQHandler
                0x1a000240                I2C0_IRQHandler
                0x1a000240                GPIO6_IRQHandler
                0x1a000240                ADCHS_IRQHandler
                0x1a000240                GPIO1_IRQHandler
                0x1a000240                SSP0_IRQHandler
                0x1a000240                ADC1_IRQHandler
                0x1a000240                FLASHEEPROM_IRQHandler
                0x1a000240                RTC_IRQHandler
                0x1a000240                TIMER0_IRQHandler
                0x1a000240                SPI_IRQHandler
                0x1a000240                LCD_IRQHandler
                0x1a000240                RIT_IRQHandler
                0x1a000240                TIMER1_IRQHandler
                0x1a000240                UART2_IRQHandler
                0x1a000240                GPIO2_IRQHandler
                0x1a000240                I2S1_IRQHandler
                0x1a000240                SSP1_IRQHandler
                0x1a000240                USB0_IRQHandler
                0x1a000240                GPIO3_IRQHandler
                0x1a000240                SCT_IRQHandler
                0x1a000240                ATIMER_IRQHandler
                0x1a000240                MX_CORE_IRQHandler
                0x1a000240                WDT_IRQHandler
                0x1a000240                IntDefaultHandler
                0x1a000240                GPIO7_IRQHandler
                0x1a000240                SPIFI_IRQHandler
                0x1a000240                QEI_IRQHandler
                0x1a000240                ETH_IRQHandler
                0x1a000240                CAN0_IRQHandler
                0x1a000240                GINT0_IRQHandler
                0x1a000240                DAC_IRQHandler
                0x1a000240                M0SUB_IRQHandler
                0x1a000240                GPIO0_IRQHandler
                0x1a000240                DMA_IRQHandler
                0x1a000240                EVRT_IRQHandler
                0x1a000240                TIMER2_IRQHandler
                0x1a000240                UART3_IRQHandler
                0x1a000240                MCPWM_IRQHandler
                0x1a000240                GINT1_IRQHandler
                0x1a000240                GPIO4_IRQHandler
                0x000002fc                . = 0x2fc
 *fill*         0x1a000248       0xb4 ff
                0x1a0002fc                PROVIDE (__CRP_WORD_START__, .)
 *(.crp)
 .crp           0x1a0002fc        0x4 ../../lpcopen_lpc4337/Debug/liblpcopen_lpc4337.a(cr_startup_lpc43xx.o)
                0x1a0002fc                CRP_WORD
                0x1a000300                PROVIDE (__CRP_WORD_END__, .)
                0x00000001                ASSERT (! ((__CRP_WORD_START__ == __CRP_WORD_END__)), Linker CRP Enabled, but no CRP_WORD provided within application)
 *(.text*)
 .text.UART_SendByte
                0x1a000300       0x1e print_functions.o
 *fill*         0x1a00031e        0x2 ff
 .text.printchar
                0x1a000320       0x40 print_functions.o
 .text.prints   0x1a000360       0xb0 print_functions.o
 .text.printi   0x1a000410       0xd8 print_functions.o
 .text.print    0x1a0004e8      0x1a4 print_functions.o
 .text.sprintf_mio
                0x1a00068c       0x28 print_functions.o
                0x1a00068c                sprintf_mio
 .text.main     0x1a0006b4       0x20 TP_Final.o
                0x1a0006b4                main
 .text.NVIC_SetPriority
                0x1a0006d4       0x54 uart_funciones.o
 .text.UART_Init
                0x1a000728       0xdc uart_funciones.o
                0x1a000728                UART_Init
 .text.Chip_UART_SendByte
                0x1a000804       0x1c ../../lpcopen_lpc4337/Debug/liblpcopen_lpc4337.a(board.o)
 .text.Chip_UART_ReadLineStatus
                0x1a000820       0x18 ../../lpcopen_lpc4337/Debug/liblpcopen_lpc4337.a(board.o)
 .text.Board_UARTPutChar
                0x1a000838       0x3c ../../lpcopen_lpc4337/Debug/liblpcopen_lpc4337.a(board.o)
                0x1a000838                Board_UARTPutChar
 .text.Board_UARTPutSTR
                0x1a000874       0x30 ../../lpcopen_lpc4337/Debug/liblpcopen_lpc4337.a(board.o)
                0x1a000874                Board_UARTPutSTR
 .text.Chip_Clock_TestMainPLLMultiplier
                0x1a0008a4       0x4c ../../lpcopen_lpc4337/Debug/liblpcopen_lpc4337.a(clock_18xx_43xx.o)
 .text.Chip_Clock_GetDivRate
                0x1a0008f0       0x44 ../../lpcopen_lpc4337/Debug/liblpcopen_lpc4337.a(clock_18xx_43xx.o)
 .text.Chip_Clock_FindBaseClock
                0x1a000934       0xb4 ../../lpcopen_lpc4337/Debug/liblpcopen_lpc4337.a(clock_18xx_43xx.o)
 .text.Chip_Clock_EnableCrystal
                0x1a0009e8       0x90 ../../lpcopen_lpc4337/Debug/liblpcopen_lpc4337.a(clock_18xx_43xx.o)
                0x1a0009e8                Chip_Clock_EnableCrystal
 .text.Chip_Clock_SetupMainPLLHz
                0x1a000a78      0x134 ../../lpcopen_lpc4337/Debug/liblpcopen_lpc4337.a(clock_18xx_43xx.o)
                0x1a000a78                Chip_Clock_SetupMainPLLHz
 .text.Chip_Clock_SetupMainPLLMult
                0x1a000bac      0x13c ../../lpcopen_lpc4337/Debug/liblpcopen_lpc4337.a(clock_18xx_43xx.o)
                0x1a000bac                Chip_Clock_SetupMainPLLMult
 .text.Chip_Clock_GetMainPLLHz
                0x1a000ce8       0xe4 ../../lpcopen_lpc4337/Debug/liblpcopen_lpc4337.a(clock_18xx_43xx.o)
                0x1a000ce8                Chip_Clock_GetMainPLLHz
 .text.Chip_Clock_DisableMainPLL
                0x1a000dcc       0x24 ../../lpcopen_lpc4337/Debug/liblpcopen_lpc4337.a(clock_18xx_43xx.o)
                0x1a000dcc                Chip_Clock_DisableMainPLL
 .text.Chip_Clock_SetDivider
                0x1a000df0       0xa4 ../../lpcopen_lpc4337/Debug/liblpcopen_lpc4337.a(clock_18xx_43xx.o)
                0x1a000df0                Chip_Clock_SetDivider
 .text.Chip_Clock_GetDividerSource
                0x1a000e94       0x48 ../../lpcopen_lpc4337/Debug/liblpcopen_lpc4337.a(clock_18xx_43xx.o)
                0x1a000e94                Chip_Clock_GetDividerSource
 .text.Chip_Clock_GetDividerDivisor
                0x1a000edc       0x40 ../../lpcopen_lpc4337/Debug/liblpcopen_lpc4337.a(clock_18xx_43xx.o)
                0x1a000edc                Chip_Clock_GetDividerDivisor
 .text.Chip_Clock_GetClockInputHz
                0x1a000f1c      0x174 ../../lpcopen_lpc4337/Debug/liblpcopen_lpc4337.a(clock_18xx_43xx.o)
                0x1a000f1c                Chip_Clock_GetClockInputHz
 .text.Chip_Clock_GetBaseClocktHz
                0x1a001090       0x28 ../../lpcopen_lpc4337/Debug/liblpcopen_lpc4337.a(clock_18xx_43xx.o)
                0x1a001090                Chip_Clock_GetBaseClocktHz
 .text.Chip_Clock_SetBaseClock
                0x1a0010b8       0xa8 ../../lpcopen_lpc4337/Debug/liblpcopen_lpc4337.a(clock_18xx_43xx.o)
                0x1a0010b8                Chip_Clock_SetBaseClock
 .text.Chip_Clock_GetBaseClock
                0x1a001160       0x58 ../../lpcopen_lpc4337/Debug/liblpcopen_lpc4337.a(clock_18xx_43xx.o)
                0x1a001160                Chip_Clock_GetBaseClock
 .text.Chip_Clock_GetRate
                0x1a0011b8       0x9c ../../lpcopen_lpc4337/Debug/liblpcopen_lpc4337.a(clock_18xx_43xx.o)
                0x1a0011b8                Chip_Clock_GetRate
 .text.ResetISR
                0x1a001254       0xec ../../lpcopen_lpc4337/Debug/liblpcopen_lpc4337.a(cr_startup_lpc43xx.o)
                0x1a001254                ResetISR
 .text.SystemInit
                0x1a001340       0x2c ../../lpcopen_lpc4337/Debug/liblpcopen_lpc4337.a(sysinit.o)
                0x1a001340                SystemInit
 .text.Chip_SCU_PinMuxSet
                0x1a00136c       0x34 ../../lpcopen_lpc4337/Debug/liblpcopen_lpc4337.a(board_sysinit.o)
 .text.Chip_SCU_SetPinMuxing
                0x1a0013a0       0x58 ../../lpcopen_lpc4337/Debug/liblpcopen_lpc4337.a(board_sysinit.o)
 .text.Board_SetupMuxing
                0x1a0013f8       0x28 ../../lpcopen_lpc4337/Debug/liblpcopen_lpc4337.a(board_sysinit.o)
                0x1a0013f8                Board_SetupMuxing
 .text.Board_SetupClocking
                0x1a001420       0xd8 ../../lpcopen_lpc4337/Debug/liblpcopen_lpc4337.a(board_sysinit.o)
                0x1a001420                Board_SetupClocking
 .text.Board_SystemInit
                0x1a0014f8       0x10 ../../lpcopen_lpc4337/Debug/liblpcopen_lpc4337.a(board_sysinit.o)
                0x1a0014f8                Board_SystemInit
 .text.fpuInit  0x1a001508       0x84 ../../lpcopen_lpc4337/Debug/liblpcopen_lpc4337.a(fpu_init.o)
                0x1a001508                fpuInit
 .text.Chip_SetupCoreClock
                0x1a00158c       0xf8 ../../lpcopen_lpc4337/Debug/liblpcopen_lpc4337.a(sysinit_18xx_43xx.o)
                0x1a00158c                Chip_SetupCoreClock
 *(.rodata .rodata.* .constdata .constdata.*)
 .rodata        0x1a001684        0x7 print_functions.o
 *fill*         0x1a00168b        0x1 ff
 .rodata        0x1a00168c       0x19 TP_Final.o
 *fill*         0x1a0016a5        0x3 ff
 .rodata.ExtRateIn
                0x1a0016a8        0x4 ../../lpcopen_lpc4337/Debug/liblpcopen_lpc4337.a(board.o)
                0x1a0016a8                ExtRateIn
 .rodata.OscRateIn
                0x1a0016ac        0x4 ../../lpcopen_lpc4337/Debug/liblpcopen_lpc4337.a(board.o)
                0x1a0016ac                OscRateIn
 .rodata.periph_to_base
                0x1a0016b0       0x6c ../../lpcopen_lpc4337/Debug/liblpcopen_lpc4337.a(clock_18xx_43xx.o)
 .rodata        0x1a00171c        0xc ../../lpcopen_lpc4337/Debug/liblpcopen_lpc4337.a(clock_18xx_43xx.o)
 .rodata.InitClkStates
                0x1a001728       0x10 ../../lpcopen_lpc4337/Debug/liblpcopen_lpc4337.a(board_sysinit.o)
 .rodata.spifipinmuxing
                0x1a001738       0x18 ../../lpcopen_lpc4337/Debug/liblpcopen_lpc4337.a(board_sysinit.o)
 .rodata.pinmuxing
                0x1a001750       0x44 ../../lpcopen_lpc4337/Debug/liblpcopen_lpc4337.a(board_sysinit.o)
 .rodata.InitClkStates
                0x1a001794       0x48 ../../lpcopen_lpc4337/Debug/liblpcopen_lpc4337.a(sysinit_18xx_43xx.o)
                0x1a0017dc                . = ALIGN (0x4)

.glue_7         0x1a0017dc        0x0
 .glue_7        0x1a0017dc        0x0 linker stubs

.glue_7t        0x1a0017dc        0x0
 .glue_7t       0x1a0017dc        0x0 linker stubs

.vfp11_veneer   0x1a0017dc        0x0
 .vfp11_veneer  0x1a0017dc        0x0 linker stubs

.v4_bx          0x1a0017dc        0x0
 .v4_bx         0x1a0017dc        0x0 linker stubs

.iplt           0x1a0017dc        0x0
 .iplt          0x1a0017dc        0x0 print_functions.o

.rel.dyn        0x1a0017dc        0x0
 .rel.iplt      0x1a0017dc        0x0 print_functions.o

.ARM.extab
 *(.ARM.extab* .gnu.linkonce.armextab.*)
                0x1a0017dc                __exidx_start = .

.ARM.exidx
 *(.ARM.exidx* .gnu.linkonce.armexidx.*)
                0x1a0017dc                __exidx_end = .
                0x1a0017dc                _etext = .

.data_RAM2      0x10080000        0x0 load address 0x1a0017dc
 FILL mask 0xff
 *(.ramfunc.$RAM2)
 *(.ramfunc.$RamLoc40)
 *(.data.$RAM2*)
 *(.data.$RamLoc40*)
                0x10080000                . = ALIGN (0x4)

.data_RAM3      0x20000000        0x0 load address 0x1a0017dc
 FILL mask 0xff
 *(.ramfunc.$RAM3)
 *(.ramfunc.$RamAHB32)
 *(.data.$RAM3*)
 *(.data.$RamAHB32*)
                0x20000000                . = ALIGN (0x4)

.data_RAM4      0x20008000        0x0 load address 0x1a0017dc
 FILL mask 0xff
 *(.ramfunc.$RAM4)
 *(.ramfunc.$RamAHB16)
 *(.data.$RAM4*)
 *(.data.$RamAHB16*)
                0x20008000                . = ALIGN (0x4)

.data_RAM5      0x2000c000        0x0 load address 0x1a0017dc
 FILL mask 0xff
 *(.ramfunc.$RAM5)
 *(.ramfunc.$RamAHB_ETB16)
 *(.data.$RAM5*)
 *(.data.$RamAHB_ETB16*)
                0x2000c000                . = ALIGN (0x4)

.uninit_RESERVED
                0x10000000        0x0
 *(.bss.$RESERVED*)
                0x10000000                . = ALIGN (0x4)
                0x10000000                _end_uninit_RESERVED = .

.data           0x10000000        0x0 load address 0x1a0017dc
 FILL mask 0xff
                0x10000000                _data = .
 *(vtable)
 *(.ramfunc*)
 *(.data*)
                0x10000000                . = ALIGN (0x4)
                0x10000000                _edata = .

.igot.plt       0x10000000        0x0 load address 0x1a0017dc
 .igot.plt      0x10000000        0x0 print_functions.o

.bss_RAM2       0x10080000        0x0
 *(.bss.$RAM2*)
 *(.bss.$RamLoc40*)
                0x10080000                . = ALIGN (0x4)

.bss_RAM3       0x20000000        0x0
 *(.bss.$RAM3*)
 *(.bss.$RamAHB32*)
                0x20000000                . = ALIGN (0x4)

.bss_RAM4       0x20008000        0x0
 *(.bss.$RAM4*)
 *(.bss.$RamAHB16*)
                0x20008000                . = ALIGN (0x4)

.bss_RAM5       0x2000c000        0x0
 *(.bss.$RAM5*)
 *(.bss.$RamAHB_ETB16*)
                0x2000c000                . = ALIGN (0x4)

.bss            0x10000000      0x108
                0x10000000                _bss = .
 *(.bss*)
 .bss.aux       0x10000000      0x100 TP_Final.o
 .bss.audio_usb_pll_freq
                0x10000100        0x8 ../../lpcopen_lpc4337/Debug/liblpcopen_lpc4337.a(clock_18xx_43xx.o)
 *(COMMON)
                0x10000108                . = ALIGN (0x4)
                0x10000108                _ebss = .
                [!provide]                PROVIDE (end, .)

.noinit_RAM2    0x10080000        0x0
 *(.noinit.$RAM2*)
 *(.noinit.$RamLoc40*)
                0x10080000                . = ALIGN (0x4)

.noinit_RAM3    0x20000000        0x0
 *(.noinit.$RAM3*)
 *(.noinit.$RamAHB32*)
                0x20000000                . = ALIGN (0x4)

.noinit_RAM4    0x20008000        0x0
 *(.noinit.$RAM4*)
 *(.noinit.$RamAHB16*)
                0x20008000                . = ALIGN (0x4)

.noinit_RAM5    0x2000c000        0x0
 *(.noinit.$RAM5*)
 *(.noinit.$RamAHB_ETB16*)
                0x2000c000                . = ALIGN (0x4)

.noinit         0x10000108        0x0
                0x10000108                _noinit = .
 *(.noinit*)
                0x10000108                . = ALIGN (0x4)
                0x10000108                _end_noinit = .
                [!provide]                PROVIDE (_pvHeapStart, .)
                0x10008000                PROVIDE (_vStackTop, (__top_RamLoc32 - 0x0))
OUTPUT(../bin/TP_Final.axf elf32-littlearm)

.comment        0x00000000       0xee
 .comment       0x00000000       0x7e print_functions.o
                                 0x7f (size before relaxing)
 .comment       0x0000007e       0x7f TP_Final.o
 .comment       0x0000007e       0x7f uart_funciones.o
 .comment       0x0000007e       0x70 ../../lpcopen_lpc4337/Debug/liblpcopen_lpc4337.a(board.o)
                                 0x71 (size before relaxing)
 .comment       0x000000ee       0x71 ../../lpcopen_lpc4337/Debug/liblpcopen_lpc4337.a(clock_18xx_43xx.o)
 .comment       0x000000ee       0x71 ../../lpcopen_lpc4337/Debug/liblpcopen_lpc4337.a(cr_startup_lpc43xx.o)
 .comment       0x000000ee       0x71 ../../lpcopen_lpc4337/Debug/liblpcopen_lpc4337.a(sysinit.o)
 .comment       0x000000ee       0x71 ../../lpcopen_lpc4337/Debug/liblpcopen_lpc4337.a(board_sysinit.o)
 .comment       0x000000ee       0x71 ../../lpcopen_lpc4337/Debug/liblpcopen_lpc4337.a(fpu_init.o)
 .comment       0x000000ee       0x71 ../../lpcopen_lpc4337/Debug/liblpcopen_lpc4337.a(sysinit_18xx_43xx.o)

.ARM.attributes
                0x00000000       0x35
 .ARM.attributes
                0x00000000       0x37 print_functions.o
 .ARM.attributes
                0x00000037       0x37 TP_Final.o
 .ARM.attributes
                0x0000006e       0x37 uart_funciones.o
 .ARM.attributes
                0x000000a5       0x39 ../../lpcopen_lpc4337/Debug/liblpcopen_lpc4337.a(board.o)
 .ARM.attributes
                0x000000de       0x39 ../../lpcopen_lpc4337/Debug/liblpcopen_lpc4337.a(clock_18xx_43xx.o)
 .ARM.attributes
                0x00000117       0x39 ../../lpcopen_lpc4337/Debug/liblpcopen_lpc4337.a(cr_startup_lpc43xx.o)
 .ARM.attributes
                0x00000150       0x39 ../../lpcopen_lpc4337/Debug/liblpcopen_lpc4337.a(sysinit.o)
 .ARM.attributes
                0x00000189       0x39 ../../lpcopen_lpc4337/Debug/liblpcopen_lpc4337.a(board_sysinit.o)
 .ARM.attributes
                0x000001c2       0x39 ../../lpcopen_lpc4337/Debug/liblpcopen_lpc4337.a(fpu_init.o)
 .ARM.attributes
                0x000001fb       0x39 ../../lpcopen_lpc4337/Debug/liblpcopen_lpc4337.a(sysinit_18xx_43xx.o)

.debug_info     0x00000000     0x4675
 .debug_info    0x00000000     0x19ec ../../lpcopen_lpc4337/Debug/liblpcopen_lpc4337.a(board.o)
 .debug_info    0x000019ec     0x14d7 ../../lpcopen_lpc4337/Debug/liblpcopen_lpc4337.a(clock_18xx_43xx.o)
 .debug_info    0x00002ec3      0x2c9 ../../lpcopen_lpc4337/Debug/liblpcopen_lpc4337.a(cr_startup_lpc43xx.o)
 .debug_info    0x0000318c       0xf9 ../../lpcopen_lpc4337/Debug/liblpcopen_lpc4337.a(sysinit.o)
 .debug_info    0x00003285      0xbbf ../../lpcopen_lpc4337/Debug/liblpcopen_lpc4337.a(board_sysinit.o)
 .debug_info    0x00003e44      0x133 ../../lpcopen_lpc4337/Debug/liblpcopen_lpc4337.a(fpu_init.o)
 .debug_info    0x00003f77      0x6fe ../../lpcopen_lpc4337/Debug/liblpcopen_lpc4337.a(sysinit_18xx_43xx.o)

.debug_abbrev   0x00000000      0xa7b
 .debug_abbrev  0x00000000      0x314 ../../lpcopen_lpc4337/Debug/liblpcopen_lpc4337.a(board.o)
 .debug_abbrev  0x00000314      0x294 ../../lpcopen_lpc4337/Debug/liblpcopen_lpc4337.a(clock_18xx_43xx.o)
 .debug_abbrev  0x000005a8      0x100 ../../lpcopen_lpc4337/Debug/liblpcopen_lpc4337.a(cr_startup_lpc43xx.o)
 .debug_abbrev  0x000006a8       0x9e ../../lpcopen_lpc4337/Debug/liblpcopen_lpc4337.a(sysinit.o)
 .debug_abbrev  0x00000746      0x180 ../../lpcopen_lpc4337/Debug/liblpcopen_lpc4337.a(board_sysinit.o)
 .debug_abbrev  0x000008c6       0x86 ../../lpcopen_lpc4337/Debug/liblpcopen_lpc4337.a(fpu_init.o)
 .debug_abbrev  0x0000094c      0x12f ../../lpcopen_lpc4337/Debug/liblpcopen_lpc4337.a(sysinit_18xx_43xx.o)

.debug_loc      0x00000000     0x13dc
 .debug_loc     0x00000000      0x88c ../../lpcopen_lpc4337/Debug/liblpcopen_lpc4337.a(board.o)
 .debug_loc     0x0000088c      0x71c ../../lpcopen_lpc4337/Debug/liblpcopen_lpc4337.a(clock_18xx_43xx.o)
 .debug_loc     0x00000fa8      0x208 ../../lpcopen_lpc4337/Debug/liblpcopen_lpc4337.a(cr_startup_lpc43xx.o)
 .debug_loc     0x000011b0       0x38 ../../lpcopen_lpc4337/Debug/liblpcopen_lpc4337.a(sysinit.o)
 .debug_loc     0x000011e8      0x100 ../../lpcopen_lpc4337/Debug/liblpcopen_lpc4337.a(board_sysinit.o)
 .debug_loc     0x000012e8       0x38 ../../lpcopen_lpc4337/Debug/liblpcopen_lpc4337.a(fpu_init.o)
 .debug_loc     0x00001320       0xbc ../../lpcopen_lpc4337/Debug/liblpcopen_lpc4337.a(sysinit_18xx_43xx.o)

.debug_aranges  0x00000000      0x3b0
 .debug_aranges
                0x00000000      0x160 ../../lpcopen_lpc4337/Debug/liblpcopen_lpc4337.a(board.o)
 .debug_aranges
                0x00000160      0x128 ../../lpcopen_lpc4337/Debug/liblpcopen_lpc4337.a(clock_18xx_43xx.o)
 .debug_aranges
                0x00000288       0x70 ../../lpcopen_lpc4337/Debug/liblpcopen_lpc4337.a(cr_startup_lpc43xx.o)
 .debug_aranges
                0x000002f8       0x20 ../../lpcopen_lpc4337/Debug/liblpcopen_lpc4337.a(sysinit.o)
 .debug_aranges
                0x00000318       0x40 ../../lpcopen_lpc4337/Debug/liblpcopen_lpc4337.a(board_sysinit.o)
 .debug_aranges
                0x00000358       0x20 ../../lpcopen_lpc4337/Debug/liblpcopen_lpc4337.a(fpu_init.o)
 .debug_aranges
                0x00000378       0x38 ../../lpcopen_lpc4337/Debug/liblpcopen_lpc4337.a(sysinit_18xx_43xx.o)

.debug_ranges   0x00000000      0x340
 .debug_ranges  0x00000000      0x150 ../../lpcopen_lpc4337/Debug/liblpcopen_lpc4337.a(board.o)
 .debug_ranges  0x00000150      0x118 ../../lpcopen_lpc4337/Debug/liblpcopen_lpc4337.a(clock_18xx_43xx.o)
 .debug_ranges  0x00000268       0x60 ../../lpcopen_lpc4337/Debug/liblpcopen_lpc4337.a(cr_startup_lpc43xx.o)
 .debug_ranges  0x000002c8       0x10 ../../lpcopen_lpc4337/Debug/liblpcopen_lpc4337.a(sysinit.o)
 .debug_ranges  0x000002d8       0x30 ../../lpcopen_lpc4337/Debug/liblpcopen_lpc4337.a(board_sysinit.o)
 .debug_ranges  0x00000308       0x10 ../../lpcopen_lpc4337/Debug/liblpcopen_lpc4337.a(fpu_init.o)
 .debug_ranges  0x00000318       0x28 ../../lpcopen_lpc4337/Debug/liblpcopen_lpc4337.a(sysinit_18xx_43xx.o)

.debug_macro    0x00000000     0x5b77
 .debug_macro   0x00000000      0x3f6 ../../lpcopen_lpc4337/Debug/liblpcopen_lpc4337.a(board.o)
 .debug_macro   0x000003f6      0x826 ../../lpcopen_lpc4337/Debug/liblpcopen_lpc4337.a(board.o)
 .debug_macro   0x00000c1c       0x10 ../../lpcopen_lpc4337/Debug/liblpcopen_lpc4337.a(board.o)
 .debug_macro   0x00000c2c       0x3a ../../lpcopen_lpc4337/Debug/liblpcopen_lpc4337.a(board.o)
 .debug_macro   0x00000c66       0x10 ../../lpcopen_lpc4337/Debug/liblpcopen_lpc4337.a(board.o)
 .debug_macro   0x00000c76       0x2e ../../lpcopen_lpc4337/Debug/liblpcopen_lpc4337.a(board.o)
 .debug_macro   0x00000ca4       0xa3 ../../lpcopen_lpc4337/Debug/liblpcopen_lpc4337.a(board.o)
 .debug_macro   0x00000d47      0x20e ../../lpcopen_lpc4337/Debug/liblpcopen_lpc4337.a(board.o)
 .debug_macro   0x00000f55       0x22 ../../lpcopen_lpc4337/Debug/liblpcopen_lpc4337.a(board.o)
 .debug_macro   0x00000f77       0x7b ../../lpcopen_lpc4337/Debug/liblpcopen_lpc4337.a(board.o)
 .debug_macro   0x00000ff2       0x28 ../../lpcopen_lpc4337/Debug/liblpcopen_lpc4337.a(board.o)
 .debug_macro   0x0000101a       0x3b ../../lpcopen_lpc4337/Debug/liblpcopen_lpc4337.a(board.o)
 .debug_macro   0x00001055       0x2d ../../lpcopen_lpc4337/Debug/liblpcopen_lpc4337.a(board.o)
 .debug_macro   0x00001082       0x42 ../../lpcopen_lpc4337/Debug/liblpcopen_lpc4337.a(board.o)
 .debug_macro   0x000010c4      0xd39 ../../lpcopen_lpc4337/Debug/liblpcopen_lpc4337.a(board.o)
 .debug_macro   0x00001dfd      0x2bc ../../lpcopen_lpc4337/Debug/liblpcopen_lpc4337.a(board.o)
 .debug_macro   0x000020b9      0x112 ../../lpcopen_lpc4337/Debug/liblpcopen_lpc4337.a(board.o)
 .debug_macro   0x000021cb       0x11 ../../lpcopen_lpc4337/Debug/liblpcopen_lpc4337.a(board.o)
 .debug_macro   0x000021dc       0x1e ../../lpcopen_lpc4337/Debug/liblpcopen_lpc4337.a(board.o)
 .debug_macro   0x000021fa       0x16 ../../lpcopen_lpc4337/Debug/liblpcopen_lpc4337.a(board.o)
 .debug_macro   0x00002210      0x2e6 ../../lpcopen_lpc4337/Debug/liblpcopen_lpc4337.a(board.o)
 .debug_macro   0x000024f6       0x82 ../../lpcopen_lpc4337/Debug/liblpcopen_lpc4337.a(board.o)
 .debug_macro   0x00002578      0x13d ../../lpcopen_lpc4337/Debug/liblpcopen_lpc4337.a(board.o)
 .debug_macro   0x000026b5      0x198 ../../lpcopen_lpc4337/Debug/liblpcopen_lpc4337.a(board.o)
 .debug_macro   0x0000284d       0x34 ../../lpcopen_lpc4337/Debug/liblpcopen_lpc4337.a(board.o)
 .debug_macro   0x00002881       0x58 ../../lpcopen_lpc4337/Debug/liblpcopen_lpc4337.a(board.o)
 .debug_macro   0x000028d9      0x236 ../../lpcopen_lpc4337/Debug/liblpcopen_lpc4337.a(board.o)
 .debug_macro   0x00002b0f      0x572 ../../lpcopen_lpc4337/Debug/liblpcopen_lpc4337.a(board.o)
 .debug_macro   0x00003081       0x16 ../../lpcopen_lpc4337/Debug/liblpcopen_lpc4337.a(board.o)
 .debug_macro   0x00003097      0x18a ../../lpcopen_lpc4337/Debug/liblpcopen_lpc4337.a(board.o)
 .debug_macro   0x00003221       0x88 ../../lpcopen_lpc4337/Debug/liblpcopen_lpc4337.a(board.o)
 .debug_macro   0x000032a9      0x1b9 ../../lpcopen_lpc4337/Debug/liblpcopen_lpc4337.a(board.o)
 .debug_macro   0x00003462      0x1da ../../lpcopen_lpc4337/Debug/liblpcopen_lpc4337.a(board.o)
 .debug_macro   0x0000363c       0x40 ../../lpcopen_lpc4337/Debug/liblpcopen_lpc4337.a(board.o)
 .debug_macro   0x0000367c       0x1c ../../lpcopen_lpc4337/Debug/liblpcopen_lpc4337.a(board.o)
 .debug_macro   0x00003698       0x2e ../../lpcopen_lpc4337/Debug/liblpcopen_lpc4337.a(board.o)
 .debug_macro   0x000036c6       0x2e ../../lpcopen_lpc4337/Debug/liblpcopen_lpc4337.a(board.o)
 .debug_macro   0x000036f4       0x22 ../../lpcopen_lpc4337/Debug/liblpcopen_lpc4337.a(board.o)
 .debug_macro   0x00003716      0x201 ../../lpcopen_lpc4337/Debug/liblpcopen_lpc4337.a(board.o)
 .debug_macro   0x00003917       0xe0 ../../lpcopen_lpc4337/Debug/liblpcopen_lpc4337.a(board.o)
 .debug_macro   0x000039f7      0x34c ../../lpcopen_lpc4337/Debug/liblpcopen_lpc4337.a(board.o)
 .debug_macro   0x00003d43       0xdc ../../lpcopen_lpc4337/Debug/liblpcopen_lpc4337.a(board.o)
 .debug_macro   0x00003e1f       0x94 ../../lpcopen_lpc4337/Debug/liblpcopen_lpc4337.a(board.o)
 .debug_macro   0x00003eb3       0xb8 ../../lpcopen_lpc4337/Debug/liblpcopen_lpc4337.a(board.o)
 .debug_macro   0x00003f6b       0x4c ../../lpcopen_lpc4337/Debug/liblpcopen_lpc4337.a(board.o)
 .debug_macro   0x00003fb7       0x16 ../../lpcopen_lpc4337/Debug/liblpcopen_lpc4337.a(board.o)
 .debug_macro   0x00003fcd      0x328 ../../lpcopen_lpc4337/Debug/liblpcopen_lpc4337.a(board.o)
 .debug_macro   0x000042f5       0x3a ../../lpcopen_lpc4337/Debug/liblpcopen_lpc4337.a(board.o)
 .debug_macro   0x0000432f       0xd0 ../../lpcopen_lpc4337/Debug/liblpcopen_lpc4337.a(board.o)
 .debug_macro   0x000043ff       0x18 ../../lpcopen_lpc4337/Debug/liblpcopen_lpc4337.a(board.o)
 .debug_macro   0x00004417       0x22 ../../lpcopen_lpc4337/Debug/liblpcopen_lpc4337.a(board.o)
 .debug_macro   0x00004439       0x40 ../../lpcopen_lpc4337/Debug/liblpcopen_lpc4337.a(board.o)
 .debug_macro   0x00004479       0x7c ../../lpcopen_lpc4337/Debug/liblpcopen_lpc4337.a(board.o)
 .debug_macro   0x000044f5       0x10 ../../lpcopen_lpc4337/Debug/liblpcopen_lpc4337.a(board.o)
 .debug_macro   0x00004505       0x89 ../../lpcopen_lpc4337/Debug/liblpcopen_lpc4337.a(board.o)
 .debug_macro   0x0000458e       0x10 ../../lpcopen_lpc4337/Debug/liblpcopen_lpc4337.a(board.o)
 .debug_macro   0x0000459e       0x3a ../../lpcopen_lpc4337/Debug/liblpcopen_lpc4337.a(board.o)
 .debug_macro   0x000045d8       0x52 ../../lpcopen_lpc4337/Debug/liblpcopen_lpc4337.a(board.o)
 .debug_macro   0x0000462a       0x19 ../../lpcopen_lpc4337/Debug/liblpcopen_lpc4337.a(board.o)
 .debug_macro   0x00004643      0x16d ../../lpcopen_lpc4337/Debug/liblpcopen_lpc4337.a(board.o)
 .debug_macro   0x000047b0       0x10 ../../lpcopen_lpc4337/Debug/liblpcopen_lpc4337.a(board.o)
 .debug_macro   0x000047c0       0xfc ../../lpcopen_lpc4337/Debug/liblpcopen_lpc4337.a(board.o)
 .debug_macro   0x000048bc       0x22 ../../lpcopen_lpc4337/Debug/liblpcopen_lpc4337.a(board.o)
 .debug_macro   0x000048de       0x91 ../../lpcopen_lpc4337/Debug/liblpcopen_lpc4337.a(board.o)
 .debug_macro   0x0000496f       0x16 ../../lpcopen_lpc4337/Debug/liblpcopen_lpc4337.a(board.o)
 .debug_macro   0x00004985      0x16d ../../lpcopen_lpc4337/Debug/liblpcopen_lpc4337.a(board.o)
 .debug_macro   0x00004af2       0x20 ../../lpcopen_lpc4337/Debug/liblpcopen_lpc4337.a(board.o)
 .debug_macro   0x00004b12       0x28 ../../lpcopen_lpc4337/Debug/liblpcopen_lpc4337.a(board.o)
 .debug_macro   0x00004b3a      0x124 ../../lpcopen_lpc4337/Debug/liblpcopen_lpc4337.a(board.o)
 .debug_macro   0x00004c5e       0x10 ../../lpcopen_lpc4337/Debug/liblpcopen_lpc4337.a(board.o)
 .debug_macro   0x00004c6e       0x35 ../../lpcopen_lpc4337/Debug/liblpcopen_lpc4337.a(board.o)
 .debug_macro   0x00004ca3       0x1c ../../lpcopen_lpc4337/Debug/liblpcopen_lpc4337.a(board.o)
 .debug_macro   0x00004cbf       0x12 ../../lpcopen_lpc4337/Debug/liblpcopen_lpc4337.a(board.o)
 .debug_macro   0x00004cd1      0x2fe ../../lpcopen_lpc4337/Debug/liblpcopen_lpc4337.a(clock_18xx_43xx.o)
 .debug_macro   0x00004fcf       0x24 ../../lpcopen_lpc4337/Debug/liblpcopen_lpc4337.a(cr_startup_lpc43xx.o)
 .debug_macro   0x00004ff3      0x3d2 ../../lpcopen_lpc4337/Debug/liblpcopen_lpc4337.a(sysinit.o)
 .debug_macro   0x000053c5      0x3d2 ../../lpcopen_lpc4337/Debug/liblpcopen_lpc4337.a(board_sysinit.o)
 .debug_macro   0x00005797       0xe8 ../../lpcopen_lpc4337/Debug/liblpcopen_lpc4337.a(fpu_init.o)
 .debug_macro   0x0000587f      0x2f8 ../../lpcopen_lpc4337/Debug/liblpcopen_lpc4337.a(sysinit_18xx_43xx.o)

.debug_line     0x00000000     0x30c4
 .debug_line    0x00000000      0xb55 ../../lpcopen_lpc4337/Debug/liblpcopen_lpc4337.a(board.o)
 .debug_line    0x00000b55      0xa67 ../../lpcopen_lpc4337/Debug/liblpcopen_lpc4337.a(clock_18xx_43xx.o)
 .debug_line    0x000015bc       0xf4 ../../lpcopen_lpc4337/Debug/liblpcopen_lpc4337.a(cr_startup_lpc43xx.o)
 .debug_line    0x000016b0      0x7a2 ../../lpcopen_lpc4337/Debug/liblpcopen_lpc4337.a(sysinit.o)
 .debug_line    0x00001e52      0x81e ../../lpcopen_lpc4337/Debug/liblpcopen_lpc4337.a(board_sysinit.o)
 .debug_line    0x00002670      0x314 ../../lpcopen_lpc4337/Debug/liblpcopen_lpc4337.a(fpu_init.o)
 .debug_line    0x00002984      0x740 ../../lpcopen_lpc4337/Debug/liblpcopen_lpc4337.a(sysinit_18xx_43xx.o)

.debug_str      0x00000000    0x187d3
 .debug_str     0x00000000    0x17cba ../../lpcopen_lpc4337/Debug/liblpcopen_lpc4337.a(board.o)
                              0x17f69 (size before relaxing)
 .debug_str     0x00017cba      0x717 ../../lpcopen_lpc4337/Debug/liblpcopen_lpc4337.a(clock_18xx_43xx.o)
                              0x15243 (size before relaxing)
 .debug_str     0x000183d1      0x1de ../../lpcopen_lpc4337/Debug/liblpcopen_lpc4337.a(cr_startup_lpc43xx.o)
                               0x24af (size before relaxing)
 .debug_str     0x000185af       0x1b ../../lpcopen_lpc4337/Debug/liblpcopen_lpc4337.a(sysinit.o)
                              0x16b98 (size before relaxing)
 .debug_str     0x000185ca       0xd6 ../../lpcopen_lpc4337/Debug/liblpcopen_lpc4337.a(board_sysinit.o)
                              0x17937 (size before relaxing)
 .debug_str     0x000186a0       0xb5 ../../lpcopen_lpc4337/Debug/liblpcopen_lpc4337.a(fpu_init.o)
                               0x8bef (size before relaxing)
 .debug_str     0x00018755       0x7e ../../lpcopen_lpc4337/Debug/liblpcopen_lpc4337.a(sysinit_18xx_43xx.o)
                              0x14ba2 (size before relaxing)

.debug_frame    0x00000000      0xb34
 .debug_frame   0x00000000      0x4bc ../../lpcopen_lpc4337/Debug/liblpcopen_lpc4337.a(board.o)
 .debug_frame   0x000004bc      0x3cc ../../lpcopen_lpc4337/Debug/liblpcopen_lpc4337.a(clock_18xx_43xx.o)
 .debug_frame   0x00000888      0x128 ../../lpcopen_lpc4337/Debug/liblpcopen_lpc4337.a(cr_startup_lpc43xx.o)
 .debug_frame   0x000009b0       0x30 ../../lpcopen_lpc4337/Debug/liblpcopen_lpc4337.a(sysinit.o)
 .debug_frame   0x000009e0       0xa4 ../../lpcopen_lpc4337/Debug/liblpcopen_lpc4337.a(board_sysinit.o)
 .debug_frame   0x00000a84       0x2c ../../lpcopen_lpc4337/Debug/liblpcopen_lpc4337.a(fpu_init.o)
 .debug_frame   0x00000ab0       0x84 ../../lpcopen_lpc4337/Debug/liblpcopen_lpc4337.a(sysinit_18xx_43xx.o)
